Archive member included to satisfy reference by file (symbol)

/opt/devkitpro/libctru/lib/libcitro2d.a(base.o)
                              main.o (C2D_Init)
/opt/devkitpro/libctru/lib/libcitro2d.a(render2d.shbin.o)
                              /opt/devkitpro/libctru/lib/libcitro2d.a(base.o) (render2d_shbin_size)
/opt/devkitpro/libctru/lib/libcitro3d.a(base.o)
                              main.o (C3D_Init)
/opt/devkitpro/libctru/lib/libcitro3d.a(renderqueue.o)
                              main.o (C3D_FrameBegin)
/opt/devkitpro/libctru/lib/libcitro3d.a(texture.o)
                              /opt/devkitpro/libctru/lib/libcitro2d.a(base.o) (C3D_TexBind)
/opt/devkitpro/libctru/lib/libcitro3d.a(framebuffer.o)
                              /opt/devkitpro/libctru/lib/libcitro3d.a(renderqueue.o) (C3D_CalcColorBufSize)
/opt/devkitpro/libctru/lib/libcitro3d.a(texenv.o)
                              /opt/devkitpro/libctru/lib/libcitro2d.a(base.o) (C3D_GetTexEnv)
/opt/devkitpro/libctru/lib/libcitro3d.a(proctex.o)
                              /opt/devkitpro/libctru/lib/libcitro2d.a(base.o) (C3D_ProcTexInit)
/opt/devkitpro/libctru/lib/libcitro3d.a(buffers.o)
                              /opt/devkitpro/libctru/lib/libcitro2d.a(base.o) (BufInfo_Init)
/opt/devkitpro/libctru/lib/libcitro3d.a(drawArrays.o)
                              /opt/devkitpro/libctru/lib/libcitro2d.a(base.o) (C3D_DrawArrays)
/opt/devkitpro/libctru/lib/libcitro3d.a(effect.o)
                              /opt/devkitpro/libctru/lib/libcitro3d.a(base.o) (C3D_DepthMap)
/opt/devkitpro/libctru/lib/libcitro3d.a(attribs.o)
                              /opt/devkitpro/libctru/lib/libcitro2d.a(base.o) (AttrInfo_Init)
/opt/devkitpro/libctru/lib/libcitro3d.a(immediate.o)
                              /opt/devkitpro/libctru/lib/libcitro3d.a(base.o) (C3D_ImmSendAttrib)
/opt/devkitpro/libctru/lib/libcitro3d.a(uniforms.o)
                              /opt/devkitpro/libctru/lib/libcitro3d.a(base.o) (C3D_UpdateUniforms)
/opt/devkitpro/libctru/lib/libcitro3d.a(mtx_ortho.o)
                              /opt/devkitpro/libctru/lib/libcitro2d.a(base.o) (Mtx_Ortho)
/opt/devkitpro/libctru/lib/libcitro3d.a(mtx_orthotilt.o)
                              /opt/devkitpro/libctru/lib/libcitro2d.a(base.o) (Mtx_OrthoTilt)
/opt/devkitpro/libctru/lib/libctru.a(vram.o)
                              /opt/devkitpro/libctru/lib/libcitro3d.a(renderqueue.o) (vramAlloc)
/opt/devkitpro/libctru/lib/libctru.a(linear.o)
                              /opt/devkitpro/libctru/lib/libcitro2d.a(base.o) (linearAlloc)
/opt/devkitpro/libctru/lib/libctru.a(mem_pool.o)
                              /opt/devkitpro/libctru/lib/libctru.a(vram.o) (MemPool::Allocate(MemChunk&, unsigned long, int))
/opt/devkitpro/libctru/lib/libctru.a(os.o)
                              /opt/devkitpro/libctru/lib/libcitro3d.a(texture.o) (osConvertVirtToPhys)
/opt/devkitpro/libctru/lib/libctru.a(console.o)
                              main.o (consoleInit)
/opt/devkitpro/libctru/lib/libctru.a(gfx.o)
                              /opt/devkitpro/libctru/lib/libcitro3d.a(renderqueue.o) (gfxIs3D)
/opt/devkitpro/libctru/lib/libctru.a(shaderProgram.o)
                              /opt/devkitpro/libctru/lib/libcitro2d.a(base.o) (shaderInstanceGetUniformLocation)
/opt/devkitpro/libctru/lib/libctru.a(shbin.o)
                              /opt/devkitpro/libctru/lib/libcitro2d.a(base.o) (DVLB_ParseFile)
/opt/devkitpro/libctru/lib/libctru.a(gx.o)
                              /opt/devkitpro/libctru/lib/libctru.a(gfx.o) (gxCmdBuf)
/opt/devkitpro/libctru/lib/libctru.a(gxqueue.o)
                              /opt/devkitpro/libctru/lib/libcitro3d.a(renderqueue.o) (gxCmdQueueClear)
/opt/devkitpro/libctru/lib/libctru.a(gpu.o)
                              /opt/devkitpro/libctru/lib/libcitro3d.a(base.o) (gpuCmdBufOffset)
/opt/devkitpro/libctru/lib/libctru.a(gspgpu.o)
                              /opt/devkitpro/libctru/lib/libctru.a(gfx.o) (gspInit)
/opt/devkitpro/libctru/lib/libctru.a(apt.o)
                              /opt/devkitpro/libctru/lib/libcitro3d.a(base.o) (aptHook)
/opt/devkitpro/libctru/lib/libctru.a(hid.o)
                              main.o (hidScanInput)
/opt/devkitpro/libctru/lib/libctru.a(ptmsysm.o)
                              /opt/devkitpro/libctru/lib/libctru.a(os.o) (ptmSysmInit)
/opt/devkitpro/libctru/lib/libctru.a(rbtree_init.o)
                              /opt/devkitpro/libctru/lib/libctru.a(vram.o) (rbtree_init)
/opt/devkitpro/libctru/lib/libctru.a(rbtree_insert.o)
                              /opt/devkitpro/libctru/lib/libctru.a(vram.o) (rbtree_insert)
/opt/devkitpro/libctru/lib/libctru.a(rbtree_rotate.o)
                              /opt/devkitpro/libctru/lib/libctru.a(rbtree_insert.o) (rbtree_rotate)
/opt/devkitpro/libctru/lib/libctru.a(rbtree_remove.o)
                              /opt/devkitpro/libctru/lib/libctru.a(vram.o) (rbtree_remove)
/opt/devkitpro/libctru/lib/libctru.a(rbtree_find.o)
[...]
Memory Configuration

Name             Origin             Length             Attributes
*default*        0x0000000000000000 0xffffffffffffffff

Linker script and memory map

                0x0000000000100000                PROVIDE (__start__ = 0x100000)
                0x0000000000100000                . = __start__

.text           0x0000000000100000    0x21544
 *(.crt0)
 .crt0          0x0000000000100000       0x94 /opt/devkitpro/devkitARM/lib/gcc/arm-none-eabi/8.2.0/../../../../arm-none-eabi/lib/armv6k/fpu/3dsx_crt0.o
                0x0000000000100000                _start
                0x0000000000100008                __service_ptr
                0x000000000010000c                __apt_appid
                0x0000000000100010                __heap_size
                0x0000000000100014                __linear_heap_size
                0x0000000000100018                __system_arglist
                0x000000000010001c                __system_runflags
 *(.init)
 .init          0x0000000000100094        0xc /opt/devkitpro/devkitARM/lib/gcc/arm-none-eabi/8.2.0/armv6k/fpu/crti.o
                0x0000000000100094                _init
 .init          0x00000000001000a0        0xc /opt/devkitpro/devkitARM/lib/gcc/arm-none-eabi/8.2.0/armv6k/fpu/crtn.o
                0x00000000001000ac                . = ALIGN (0x4)
 *(.text)
 .text          0x00000000001000ac       0x64 /opt/devkitpro/libctru/lib/libctru.a(stack_adjust.o)
                0x00000000001000ac                initSystem
                0x00000000001000f0                __ctru_exit
 .text          0x0000000000100110      0x240 /opt/devkitpro/devkitARM/lib/gcc/arm-none-eabi/8.2.0/armv6k/fpu/libgcc.a(_divsi3.o)
                0x0000000000100110                __aeabi_idiv
                0x0000000000100110                __divsi3
                0x0000000000100330                __aeabi_idivmod
 .text          0x0000000000100350        0x4 /opt/devkitpro/devkitARM/lib/gcc/arm-none-eabi/8.2.0/armv6k/fpu/libgcc.a(_dvmd_tls.o)
                0x0000000000100350                __aeabi_ldiv0
                0x0000000000100350                __aeabi_idiv0
 .text          0x0000000000100354      0x3c0 /opt/devkitpro/devkitARM/lib/gcc/arm-none-eabi/8.2.0/armv6k/fpu/libgcc.a(_arm_addsubdf3.o)
                0x0000000000100354                __aeabi_drsub
                0x000000000010035c                __aeabi_dsub
                0x000000000010035c                __subdf3
                0x0000000000100360                __adddf3
                0x0000000000100360                __aeabi_dadd
                0x000000000010060c                __aeabi_ui2d
                0x000000000010060c                __floatunsidf
                0x0000000000100630                __floatsidf
                0x0000000000100630                __aeabi_i2d
                0x0000000000100658                __extendsfdf2
                0x0000000000100658                __aeabi_f2d
                0x00000000001006a0                __aeabi_ul2d
                0x00000000001006a0                __floatundidf
                0x00000000001006b4                __floatdidf
                0x00000000001006b4                __aeabi_l2d
 .text          0x0000000000100714       0x3c /opt/devkitpro/devkitARM/lib/gcc/arm-none-eabi/8.2.0/armv6k/fpu/libgcc.a(_aeabi_uldivmod.o)
                0x0000000000100714                __aeabi_uldivmod
 *fill*         0x0000000000100750       0x10 
 .text          0x0000000000100760      0x390 /opt/devkitpro/devkitARM/lib/gcc/arm-none-eabi/8.2.0/../../../../arm-none-eabi/lib/armv6k/fpu/libg.a(lib_a-strcmp.o)
                0x0000000000100768                strcmp
 .text          0x0000000000100af0      0x20c /opt/devkitpro/devkitARM/lib/gcc/arm-none-eabi/8.2.0/armv6k/fpu/libgcc.a(_udivsi3.o)
                0x0000000000100af0                __udivsi3
                0x0000000000100af0                __aeabi_uidiv
                0x0000000000100cdc                __aeabi_uidivmod
 *(.text.*)
 .text.deregister_tm_clones
                0x0000000000100cfc       0x2c /opt/devkitpro/devkitARM/lib/gcc/arm-none-eabi/8.2.0/armv6k/fpu/crtbegin.o
 .text.register_tm_clones
                0x0000000000100d28       0x38 /opt/devkitpro/devkitARM/lib/gcc/arm-none-eabi/8.2.0/armv6k/fpu/crtbegin.o
 .text.__do_global_dtors_aux
                0x0000000000100d60       0x44 /opt/devkitpro/devkitARM/lib/gcc/arm-none-eabi/8.2.0/armv6k/fpu/crtbegin.o
 .text.frame_dummy
                0x0000000000100da4       0x34 /opt/devkitpro/devkitARM/lib/gcc/arm-none-eabi/8.2.0/armv6k/fpu/crtbegin.o
 .text.C2D_SceneBegin
                0x0000000000100dd8       0x28 main.o
 .text.startup.main
                0x0000000000100e00      0x484 main.o
                0x0000000000100e00                main
 .text.C2D_Init
                0x0000000000101284      0x32c /opt/devkitpro/libctru/lib/libcitro2d.a(base.o)
                0x0000000000101284                C2D_Init
 .text.C2D_Fini
                0x00000000001015b0       0x48 /opt/devkitpro/libctru/lib/libcitro2d.a(base.o)
                0x00000000001015b0                C2D_Fini
 .text.C2D_Prepare
                0x00000000001015f8       0xc8 /opt/devkitpro/libctru/lib/libcitro2d.a(base.o)
                0x00000000001015f8                C2D_Prepare
 .text.C2D_SceneSize
                0x00000000001016c0      0x10c /opt/devkitpro/libctru/lib/libcitro2d.a(base.o)
                0x00000000001016c0                C2D_SceneSize
 .text.C2D_CreateScreenTarget
                0x00000000001017cc       0x44 /opt/devkitpro/libctru/lib/libcitro2d.a(base.o)
                0x00000000001017cc                C2D_CreateScreenTarget
 .text.C2Di_FlushVtxBuf
                0x0000000000101810       0x30 /opt/devkitpro/libctru/lib/libcitro2d.a(base.o)
                0x0000000000101810                C2Di_FlushVtxBuf
 .text.C2Di_FrameEndHook
                0x0000000000101840       0x20 /opt/devkitpro/libctru/lib/libcitro2d.a(base.o)
 .text.C2D_Flush
                0x0000000000101860       0x18 /opt/devkitpro/libctru/lib/libcitro2d.a(base.o)
                0x0000000000101860                C2D_Flush
 .text.C2D_TargetClear
                0x0000000000101878       0x30 /opt/devkitpro/libctru/lib/libcitro2d.a(base.o)
                0x0000000000101878                C2D_TargetClear
 .text.C3Di_SplitFrame.part.1
                0x00000000001018a8       0xc4 /opt/devkitpro/libctru/lib/libcitro3d.a(base.o)
 .text.C3Di_LightEnvUpdate
                0x000000000010196c        0x4 /opt/devkitpro/libctru/lib/libcitro3d.a(base.o)
                0x000000000010196c                C3Di_LightEnvUpdate
 .text.C3Di_LightEnvDirty
                0x0000000000101970        0x4 /opt/devkitpro/libctru/lib/libcitro3d.a(base.o)
                0x0000000000101970                C3Di_LightEnvDirty
 .text.C3Di_AptEventHook
                0x0000000000101974       0xac /opt/devkitpro/libctru/lib/libcitro3d.a(base.o)
 .text.C3Di_GasUpdate
                0x0000000000101a20        0x4 /opt/devkitpro/libctru/lib/libcitro3d.a(base.o)
                0x0000000000101a20                C3Di_GasUpdate
 .text.C3D_Init
                0x0000000000101a24      0x21c /opt/devkitpro/libctru/lib/libcitro3d.a(base.o)
                0x0000000000101a24                C3D_Init
 .text.C3D_SetViewport
                0x0000000000101c40       0x98 /opt/devkitpro/libctru/lib/libcitro3d.a(base.o)
                0x0000000000101c40                C3D_SetViewport
 .text.C3Di_UpdateContext
                0x0000000000101cd8      0x50c /opt/devkitpro/libctru/lib/libcitro3d.a(base.o)
                0x0000000000101cd8                C3Di_UpdateContext
 .text.C3Di_SplitFrame
                0x00000000001021e4       0x20 /opt/devkitpro/libctru/lib/libcitro3d.a(base.o)
                0x00000000001021e4                C3Di_SplitFrame
 .text.C3D_Fini
                0x0000000000102204       0x64 /opt/devkitpro/libctru/lib/libcitro3d.a(base.o)
                0x0000000000102204                C3D_Fini
 .text.C3D_BindProgram
                0x0000000000102268      0x114 /opt/devkitpro/libctru/lib/libcitro3d.a(base.o)
                0x0000000000102268                C3D_BindProgram
 .text.C3Di_RenderQueueInit
                0x000000000010237c       0x54 /opt/devkitpro/libctru/lib/libcitro3d.a(renderqueue.o)
 .text.C3Di_RenderTargetDestroy
                0x00000000001023d0       0x80 /opt/devkitpro/libctru/lib/libcitro3d.a(renderqueue.o)
 .text.onVBlank1
                0x0000000000102450       0xac /opt/devkitpro/libctru/lib/libcitro3d.a(renderqueue.o)
 .text.onVBlank0
                0x00000000001024fc      0x13c /opt/devkitpro/libctru/lib/libcitro3d.a(renderqueue.o)
 .text.C3Di_RenderTargetNew
                0x0000000000102638        0xc /opt/devkitpro/libctru/lib/libcitro3d.a(renderqueue.o)
 .text.C3Di_WaitAndClearQueue
                0x0000000000102644       0x7c /opt/devkitpro/libctru/lib/libcitro3d.a(renderqueue.o)
 .text.onQueueFinish
                0x00000000001026c0       0xc0 /opt/devkitpro/libctru/lib/libcitro3d.a(renderqueue.o)
 .text.C3D_FrameSplit.part.6
                0x0000000000102780       0x44 /opt/devkitpro/libctru/lib/libcitro3d.a(renderqueue.o)
 .text.C3D_FrameSync
                0x00000000001027c4       0x30 /opt/devkitpro/libctru/lib/libcitro3d.a(renderqueue.o)
                0x00000000001027c4                C3D_FrameSync
 .text.C3Di_RenderQueueExit
                0x00000000001027f4       0xa0 /opt/devkitpro/libctru/lib/libcitro3d.a(renderqueue.o)
                0x00000000001027f4                C3Di_RenderQueueExit
 .text.C3Di_RenderQueueWaitDone
                0x0000000000102894       0x20 /opt/devkitpro/libctru/lib/libcitro3d.a(renderqueue.o)
                0x0000000000102894                C3Di_RenderQueueWaitDone
 .text.C3D_FrameBegin
                0x00000000001028b4       0x7c /opt/devkitpro/libctru/lib/libcitro3d.a(renderqueue.o)
                0x00000000001028b4                C3D_FrameBegin
 .text.C3D_FrameDrawOn
                0x0000000000102930       0x48 /opt/devkitpro/libctru/lib/libcitro3d.a(renderqueue.o)
                0x0000000000102930                C3D_FrameDrawOn
 .text.C3D_FrameSplit
                0x0000000000102978       0x18 /opt/devkitpro/libctru/lib/libcitro3d.a(renderqueue.o)
                0x0000000000102978                C3D_FrameSplit
 .text.C3D_FrameEnd
                0x0000000000102990      0x164 /opt/devkitpro/libctru/lib/libcitro3d.a(renderqueue.o)
                0x0000000000102990                C3D_FrameEnd
 .text.C3D_FrameEndHook
                0x0000000000102af4       0x1c /opt/devkitpro/libctru/lib/libcitro3d.a(renderqueue.o)
                0x0000000000102af4                C3D_FrameEndHook
 .text.C3D_RenderTargetCreate
                0x0000000000102b10      0x17c /opt/devkitpro/libctru/lib/libcitro3d.a(renderqueue.o)
                0x0000000000102b10                C3D_RenderTargetCreate
 .text.C3D_RenderTargetSetOutput
                0x0000000000102c8c       0x4c /opt/devkitpro/libctru/lib/libcitro3d.a(renderqueue.o)
                0x0000000000102c8c                C3D_RenderTargetSetOutput
 .text.C3Di_SetTex
                0x0000000000102cd8      0x174 /opt/devkitpro/libctru/lib/libcitro3d.a(texture.o)
                0x0000000000102cd8                C3Di_SetTex
 .text.C3D_CalcColorBufSize
                0x0000000000102e4c       0x1c /opt/devkitpro/libctru/lib/libcitro3d.a(framebuffer.o)
                0x0000000000102e4c                C3D_CalcColorBufSize
 .text.C3D_CalcDepthBufSize
                0x0000000000102e68       0x1c /opt/devkitpro/libctru/lib/libcitro3d.a(framebuffer.o)
                0x0000000000102e68                C3D_CalcDepthBufSize
 .text.C3D_SetFrameBuf
                0x0000000000102e84       0x44 /opt/devkitpro/libctru/lib/libcitro3d.a(framebuffer.o)
                0x0000000000102e84                C3D_SetFrameBuf
 .text.C3Di_FrameBufBind
                0x0000000000102ec8      0x168 /opt/devkitpro/libctru/lib/libcitro3d.a(framebuffer.o)
                0x0000000000102ec8                C3Di_FrameBufBind
 .text.C3D_FrameBufClear
                0x0000000000103030       0xc8 /opt/devkitpro/libctru/lib/libcitro3d.a(framebuffer.o)
                0x0000000000103030                C3D_FrameBufClear
 .text.C3D_FrameBufTransfer
                0x00000000001030f8       0x48 /opt/devkitpro/libctru/lib/libcitro3d.a(framebuffer.o)
                0x00000000001030f8                C3D_FrameBufTransfer
 .text.C3D_GetTexEnv
                0x0000000000103140       0x34 /opt/devkitpro/libctru/lib/libcitro3d.a(texenv.o)
                0x0000000000103140                C3D_GetTexEnv
 .text.C3Di_TexEnvBind
                0x0000000000103174       0x24 /opt/devkitpro/libctru/lib/libcitro3d.a(texenv.o)
                0x0000000000103174                C3Di_TexEnvBind
 .text.C3D_ProcTexInit
                0x0000000000103198       0x6c /opt/devkitpro/libctru/lib/libcitro3d.a(proctex.o)
                0x0000000000103198                C3D_ProcTexInit
 .text.C3D_ProcTexBind
                0x0000000000103204       0x50 /opt/devkitpro/libctru/lib/libcitro3d.a(proctex.o)
                0x0000000000103204                C3D_ProcTexBind
 .text.C3D_ProcTexLutBind
                0x0000000000103254       0x60 /opt/devkitpro/libctru/lib/libcitro3d.a(proctex.o)
                0x0000000000103254                C3D_ProcTexLutBind
 .text.ProcTexLut_FromArray
                0x00000000001032b4       0xa4 /opt/devkitpro/libctru/lib/libcitro3d.a(proctex.o)
                0x00000000001032b4                ProcTexLut_FromArray
 .text.C3Di_ProcTexUpdate
                0x0000000000103358      0x174 /opt/devkitpro/libctru/lib/libcitro3d.a(proctex.o)
                0x0000000000103358                C3Di_ProcTexUpdate
 .text.C3Di_ProcTexDirty
                0x00000000001034cc       0x68 /opt/devkitpro/libctru/lib/libcitro3d.a(proctex.o)
                0x00000000001034cc                C3Di_ProcTexDirty
 .text.BufInfo_Init
                0x0000000000103534       0x24 /opt/devkitpro/libctru/lib/libcitro3d.a(buffers.o)
                0x0000000000103534                BufInfo_Init
 .text.BufInfo_Add
                0x0000000000103558       0x84 /opt/devkitpro/libctru/lib/libcitro3d.a(buffers.o)
                0x0000000000103558                BufInfo_Add
 .text.C3D_SetBufInfo
                0x00000000001035dc       0x40 /opt/devkitpro/libctru/lib/libcitro3d.a(buffers.o)
                0x00000000001035dc                C3D_SetBufInfo
 .text.C3Di_BufInfoBind
                0x000000000010361c       0x48 /opt/devkitpro/libctru/lib/libcitro3d.a(buffers.o)
                0x000000000010361c                C3Di_BufInfoBind
 .text.C3D_DrawArrays
                0x0000000000103664      0x148 /opt/devkitpro/libctru/lib/libcitro3d.a(drawArrays.o)
                0x0000000000103664                C3D_DrawArrays
 .text.C3D_DepthMap
                0x00000000001037ac       0x40 /opt/devkitpro/libctru/lib/libcitro3d.a(effect.o)
                0x00000000001037ac                C3D_DepthMap
 .text.C3D_CullFace
                0x00000000001037ec       0x1c /opt/devkitpro/libctru/lib/libcitro3d.a(effect.o)
                0x00000000001037ec                C3D_CullFace
 .text.C3D_StencilTest
                0x0000000000103808       0x40 /opt/devkitpro/libctru/lib/libcitro3d.a(effect.o)
                0x0000000000103808                C3D_StencilTest
 .text.C3D_StencilOp
                0x0000000000103848       0x24 /opt/devkitpro/libctru/lib/libcitro3d.a(effect.o)
                0x0000000000103848                C3D_StencilOp
 .text.C3D_BlendingColor
                0x000000000010386c       0x1c /opt/devkitpro/libctru/lib/libcitro3d.a(effect.o)
                0x000000000010386c                C3D_BlendingColor
 .text.C3D_EarlyDepthTest
                0x0000000000103888       0x24 /opt/devkitpro/libctru/lib/libcitro3d.a(effect.o)
                0x0000000000103888                C3D_EarlyDepthTest
 .text.C3D_DepthTest
                0x00000000001038ac       0x2c /opt/devkitpro/libctru/lib/libcitro3d.a(effect.o)
                0x00000000001038ac                C3D_DepthTest
 .text.C3D_AlphaTest
                0x00000000001038d8       0x2c /opt/devkitpro/libctru/lib/libcitro3d.a(effect.o)
                0x00000000001038d8                C3D_AlphaTest
 .text.C3D_AlphaBlend
                0x0000000000103904       0x50 /opt/devkitpro/libctru/lib/libcitro3d.a(effect.o)
                0x0000000000103904                C3D_AlphaBlend
 .text.C3D_FragOpMode
                0x0000000000103954       0x30 /opt/devkitpro/libctru/lib/libcitro3d.a(effect.o)
                0x0000000000103954                C3D_FragOpMode
 .text.C3D_FragOpShadow
                0x0000000000103984       0x44 /opt/devkitpro/libctru/lib/libcitro3d.a(effect.o)
                0x0000000000103984                C3D_FragOpShadow
 .text.C3Di_EffectBind
                0x00000000001039c8      0x1ac /opt/devkitpro/libctru/lib/libcitro3d.a(effect.o)
                0x00000000001039c8                C3Di_EffectBind
 .text.AttrInfo_Init
                0x0000000000103b74       0x28 /opt/devkitpro/libctru/lib/libcitro3d.a(attribs.o)
                0x0000000000103b74                AttrInfo_Init
 .text.AttrInfo_AddLoader
                0x0000000000103b9c       0xa0 /opt/devkitpro/libctru/lib/libcitro3d.a(attribs.o)
                0x0000000000103b9c                AttrInfo_AddLoader
 .text.C3D_SetAttrInfo
                0x0000000000103c3c       0x54 /opt/devkitpro/libctru/lib/libcitro3d.a(attribs.o)
                0x0000000000103c3c                C3D_SetAttrInfo
 .text.C3Di_AttrInfoBind
                0x0000000000103c90       0x80 /opt/devkitpro/libctru/lib/libcitro3d.a(attribs.o)
                0x0000000000103c90                C3Di_AttrInfoBind
 .text.C3D_ImmSendAttrib
                0x0000000000103d10       0xa4 /opt/devkitpro/libctru/lib/libcitro3d.a(immediate.o)
                0x0000000000103d10                C3D_ImmSendAttrib
 .text.C3D_UpdateUniforms
                0x0000000000103db4      0x2b8 /opt/devkitpro/libctru/lib/libcitro3d.a(uniforms.o)
                0x0000000000103db4                C3D_UpdateUniforms
 .text.C3Di_DirtyUniforms
                0x000000000010406c       0xc0 /opt/devkitpro/libctru/lib/libcitro3d.a(uniforms.o)
                0x000000000010406c                C3Di_DirtyUniforms
 .text.C3Di_LoadShaderUniforms
                0x000000000010412c       0xe0 /opt/devkitpro/libctru/lib/libcitro3d.a(uniforms.o)
                0x000000000010412c                C3Di_LoadShaderUniforms
 .text.C3Di_ClearShaderUniforms
                0x000000000010420c       0x28 /opt/devkitpro/libctru/lib/libcitro3d.a(uniforms.o)
                0x000000000010420c                C3Di_ClearShaderUniforms
 .text.Mtx_Ortho
                0x0000000000104234       0xcc /opt/devkitpro/libctru/lib/libcitro3d.a(mtx_ortho.o)
                0x0000000000104234                Mtx_Ortho
 .text.Mtx_OrthoTilt
                0x0000000000104300       0xcc /opt/devkitpro/libctru/lib/libcitro3d.a(mtx_orthotilt.o)
                0x0000000000104300                Mtx_OrthoTilt
 .text._ZL21addrMapNodeComparatorPK11rbtree_nodeS1_
                0x00000000001043cc       0x24 /opt/devkitpro/libctru/lib/libctru.a(vram.o)
 .text._ZL21addrMapNodeDestructorP11rbtree_node
                0x00000000001043f0        0x4 /opt/devkitpro/libctru/lib/libctru.a(vram.o)
 .text.vramMemAlign
                0x00000000001043f4      0x110 /opt/devkitpro/libctru/lib/libctru.a(vram.o)
                0x00000000001043f4                vramMemAlign
 .text.vramAlloc
                0x0000000000104504        0x8 /opt/devkitpro/libctru/lib/libctru.a(vram.o)
                0x0000000000104504                vramAlloc
 .text.vramFree
                0x000000000010450c       0x50 /opt/devkitpro/libctru/lib/libctru.a(vram.o)
                0x000000000010450c                vramFree
 .text._ZL21addrMapNodeComparatorPK11rbtree_nodeS1_
                0x000000000010455c       0x24 /opt/devkitpro/libctru/lib/libctru.a(linear.o)
 .text._ZL21addrMapNodeDestructorP11rbtree_node
                0x0000000000104580        0x4 /opt/devkitpro/libctru/lib/libctru.a(linear.o)
 .text.linearMemAlign
                0x0000000000104584      0x11c /opt/devkitpro/libctru/lib/libctru.a(linear.o)
                0x0000000000104584                linearMemAlign
 .text.linearAlloc
                0x00000000001046a0        0x8 /opt/devkitpro/libctru/lib/libctru.a(linear.o)
                0x00000000001046a0                linearAlloc
 .text.linearFree
                0x00000000001046a8       0x50 /opt/devkitpro/libctru/lib/libctru.a(linear.o)
                0x00000000001046a8                linearFree
 .text._ZN7MemPool13CoalesceRightEP8MemBlock
                0x00000000001046f8       0x90 /opt/devkitpro/libctru/lib/libctru.a(mem_pool.o)
                0x00000000001046f8                MemPool::CoalesceRight(MemBlock*)
 .text._ZN7MemPool8AllocateER8MemChunkmi
                0x0000000000104788      0x174 /opt/devkitpro/libctru/lib/libctru.a(mem_pool.o)
                0x0000000000104788                MemPool::Allocate(MemChunk&, unsigned long, int)
 .text._ZN7MemPool10DeallocateERK8MemChunk
                0x00000000001048fc       0xfc /opt/devkitpro/libctru/lib/libctru.a(mem_pool.o)
                0x00000000001048fc                MemPool::Deallocate(MemChunk const&)
 .text.getSysTime
                0x00000000001049f8       0x58 /opt/devkitpro/libctru/lib/libctru.a(os.o)
 .text.__ctru_speedup_config.part.0
                0x0000000000104a50       0x28 /opt/devkitpro/libctru/lib/libctru.a(os.o)
 .text.osConvertVirtToPhys
                0x0000000000104a78       0x4c /opt/devkitpro/libctru/lib/libctru.a(os.o)
                0x0000000000104a78                osConvertVirtToPhys
 .text.osGetMemRegionUsed
                0x0000000000104ac4       0x24 /opt/devkitpro/libctru/lib/libctru.a(os.o)
                0x0000000000104ac4                osGetMemRegionUsed
 .text.__libctru_gtod
                0x0000000000104ae8      0x128 /opt/devkitpro/libctru/lib/libctru.a(os.o)
                0x0000000000104ae8                __libctru_gtod
 .text.__ctru_speedup_config
                0x0000000000104c10       0x18 /opt/devkitpro/libctru/lib/libctru.a(os.o)
                0x0000000000104c10                __ctru_speedup_config
 .text.consoleDrawChar
                0x0000000000104c28      0x1b8 /opt/devkitpro/libctru/lib/libctru.a(console.o)
                0x0000000000104c28                consoleDrawChar
 .text.consolePrintChar
                0x0000000000104de0      0x124 /opt/devkitpro/libctru/lib/libctru.a(console.o)
                0x0000000000104de0                consolePrintChar
 .text.consoleCls
                0x0000000000104f04      0x164 /opt/devkitpro/libctru/lib/libctru.a(console.o)
 .text.consoleInit
                0x0000000000105068      0x104 /opt/devkitpro/libctru/lib/libctru.a(console.o)
                0x0000000000105068                consoleInit
 .text.consoleClearLine
                0x000000000010516c      0x114 /opt/devkitpro/libctru/lib/libctru.a(console.o)
 .text.newRow   0x0000000000105280       0xc4 /opt/devkitpro/libctru/lib/libctru.a(console.o)
 .text.con_write
                0x0000000000105344      0x7b8 /opt/devkitpro/libctru/lib/libctru.a(console.o)
                0x0000000000105344                con_write
 .text.gfxSetFramebufferInfo.part.0
                0x0000000000105afc       0x8c /opt/devkitpro/libctru/lib/libctru.a(gfx.o)
 .text.gfxSetFramebufferInfo
                0x0000000000105b88       0x6c /opt/devkitpro/libctru/lib/libctru.a(gfx.o)
 .text.gfxGetFramebuffer.part.1
                0x0000000000105bf4       0x58 /opt/devkitpro/libctru/lib/libctru.a(gfx.o)
 .text.gfxIs3D  0x0000000000105c4c       0x10 /opt/devkitpro/libctru/lib/libctru.a(gfx.o)
                0x0000000000105c4c                gfxIs3D
 .text.__get_bytes_per_pixel
                0x0000000000105c5c       0x18 /opt/devkitpro/libctru/lib/libctru.a(gfx.o)
                0x0000000000105c5c                __get_bytes_per_pixel
 .text.gfxSetScreenFormat
                0x0000000000105c74      0x184 /opt/devkitpro/libctru/lib/libctru.a(gfx.o)
                0x0000000000105c74                gfxSetScreenFormat
 .text.gfxSetDoubleBuffering
                0x0000000000105df8       0x10 /opt/devkitpro/libctru/lib/libctru.a(gfx.o)
                0x0000000000105df8                gfxSetDoubleBuffering
 .text.gfxInit  0x0000000000105e08      0x210 /opt/devkitpro/libctru/lib/libctru.a(gfx.o)
                0x0000000000105e08                gfxInit
 .text.gfxInitDefault
                0x0000000000106018       0x10 /opt/devkitpro/libctru/lib/libctru.a(gfx.o)
                0x0000000000106018                gfxInitDefault
 .text.gfxExit  0x0000000000106028       0xe0 /opt/devkitpro/libctru/lib/libctru.a(gfx.o)
                0x0000000000106028                gfxExit
 .text.gfxGetFramebuffer
                0x0000000000106108       0x60 /opt/devkitpro/libctru/lib/libctru.a(gfx.o)
                0x0000000000106108                gfxGetFramebuffer
 .text.gfxFlushBuffers
                0x0000000000106168       0xcc /opt/devkitpro/libctru/lib/libctru.a(gfx.o)
                0x0000000000106168                gfxFlushBuffers
 .text.gfxConfigScreen
                0x0000000000106234       0xf8 /opt/devkitpro/libctru/lib/libctru.a(gfx.o)
                0x0000000000106234                gfxConfigScreen
 .text.gfxSwapBuffersGpu
                0x000000000010632c       0x20 /opt/devkitpro/libctru/lib/libctru.a(gfx.o)
                0x000000000010632c                gfxSwapBuffersGpu
 .text.shaderInstanceInit
                0x000000000010634c      0x1ec /opt/devkitpro/libctru/lib/libctru.a(shaderProgram.o)
                0x000000000010634c                shaderInstanceInit
 .text.shaderInstanceFree
                0x0000000000106538       0x34 /opt/devkitpro/libctru/lib/libctru.a(shaderProgram.o)
                0x0000000000106538                shaderInstanceFree
 .text.shaderInstanceGetUniformLocation
                0x000000000010656c       0x18 /opt/devkitpro/libctru/lib/libctru.a(shaderProgram.o)
                0x000000000010656c                shaderInstanceGetUniformLocation
 .text.shaderProgramInit
                0x0000000000106584       0x18 /opt/devkitpro/libctru/lib/libctru.a(shaderProgram.o)
                0x0000000000106584                shaderProgramInit
 .text.shaderProgramFree
                0x000000000010659c       0x2c /opt/devkitpro/libctru/lib/libctru.a(shaderProgram.o)
                0x000000000010659c                shaderProgramFree
 .text.shaderProgramSetVsh
                0x00000000001065c8       0x6c /opt/devkitpro/libctru/lib/libctru.a(shaderProgram.o)
                0x00000000001065c8                shaderProgramSetVsh
 .text.shaderProgramConfigure
                0x0000000000106634      0x8d4 /opt/devkitpro/libctru/lib/libctru.a(shaderProgram.o)
                0x0000000000106634                shaderProgramConfigure
 .text.DVLE_GenerateOutmap.part.0
                0x0000000000106f08      0x1f8 /opt/devkitpro/libctru/lib/libctru.a(shbin.o)
 .text.DVLB_ParseFile
                0x0000000000107100      0x1cc /opt/devkitpro/libctru/lib/libctru.a(shbin.o)
                0x0000000000107100                DVLB_ParseFile
 .text.DVLB_Free
                0x00000000001072cc       0x38 /opt/devkitpro/libctru/lib/libctru.a(shbin.o)
                0x00000000001072cc                DVLB_Free
 .text.DVLE_GetUniformRegister
                0x0000000000107304       0x78 /opt/devkitpro/libctru/lib/libctru.a(shbin.o)
                0x0000000000107304                DVLE_GetUniformRegister
 .text.submitGxCommand
                0x000000000010737c       0x38 /opt/devkitpro/libctru/lib/libctru.a(gx.o)
 .text.GX_BindQueue
                0x00000000001073b4       0x10 /opt/devkitpro/libctru/lib/libctru.a(gx.o)
                0x00000000001073b4                GX_BindQueue
 .text.GX_ProcessCommandList
                0x00000000001073c4       0x50 /opt/devkitpro/libctru/lib/libctru.a(gx.o)
                0x00000000001073c4                GX_ProcessCommandList
 .text.GX_MemoryFill
                0x0000000000107414       0x54 /opt/devkitpro/libctru/lib/libctru.a(gx.o)
                0x0000000000107414                GX_MemoryFill
 .text.GX_DisplayTransfer
                0x0000000000107468       0x48 /opt/devkitpro/libctru/lib/libctru.a(gx.o)
                0x0000000000107468                GX_DisplayTransfer
 .text.gxCmdQueueDoCommands.part.0
                0x00000000001074b0       0x74 /opt/devkitpro/libctru/lib/libctru.a(gxqueue.o)
 .text.gxCmdQueueInterrupt
                0x0000000000107524       0xc8 /opt/devkitpro/libctru/lib/libctru.a(gxqueue.o)
                0x0000000000107524                gxCmdQueueInterrupt
 .text.gxCmdQueueClear
                0x00000000001075ec       0x4c /opt/devkitpro/libctru/lib/libctru.a(gxqueue.o)
                0x00000000001075ec                gxCmdQueueClear
 .text.gxCmdQueueAdd
                0x0000000000107638       0xf8 /opt/devkitpro/libctru/lib/libctru.a(gxqueue.o)
                0x0000000000107638                gxCmdQueueAdd
 .text.gxCmdQueueRun
                0x0000000000107730       0x80 /opt/devkitpro/libctru/lib/libctru.a(gxqueue.o)
                0x0000000000107730                gxCmdQueueRun
 .text.gxCmdQueueStop
                0x00000000001077b0       0x60 /opt/devkitpro/libctru/lib/libctru.a(gxqueue.o)
                0x00000000001077b0                gxCmdQueueStop
 .text.gxCmdQueueWait
                0x0000000000107810       0x84 /opt/devkitpro/libctru/lib/libctru.a(gxqueue.o)
                0x0000000000107810                gxCmdQueueWait
 .text.GPUCMD_Add
                0x0000000000107894      0x138 /opt/devkitpro/libctru/lib/libctru.a(gpu.o)
                0x0000000000107894                GPUCMD_Add
 .text.GPUCMD_Split
                0x00000000001079cc       0xb0 /opt/devkitpro/libctru/lib/libctru.a(gpu.o)
                0x00000000001079cc                GPUCMD_Split
 .text.f32tof16
                0x0000000000107a7c       0x34 /opt/devkitpro/libctru/lib/libctru.a(gpu.o)
                0x0000000000107a7c                f32tof16
 .text.f32tof24
                0x0000000000107ab0       0x34 /opt/devkitpro/libctru/lib/libctru.a(gpu.o)
                0x0000000000107ab0                f32tof24
 .text.f32tof31
                0x0000000000107ae4       0x38 /opt/devkitpro/libctru/lib/libctru.a(gpu.o)
                0x0000000000107ae4                f32tof31
 .text.gspInit  0x0000000000107b1c       0x74 /opt/devkitpro/libctru/lib/libctru.a(gspgpu.o)
                0x0000000000107b1c                gspInit
 .text.gspExit  0x0000000000107b90       0x3c /opt/devkitpro/libctru/lib/libctru.a(gspgpu.o)
                0x0000000000107b90                gspExit
 .text.gspSetEventCallback
                0x0000000000107bcc       0x34 /opt/devkitpro/libctru/lib/libctru.a(gspgpu.o)
                0x0000000000107bcc                gspSetEventCallback
 .text.gspInitEventHandler
                0x0000000000107c00       0xa0 /opt/devkitpro/libctru/lib/libctru.a(gspgpu.o)
                0x0000000000107c00                gspInitEventHandler
 .text.gspExitEventHandler
                0x0000000000107ca0       0x40 /opt/devkitpro/libctru/lib/libctru.a(gspgpu.o)
                0x0000000000107ca0                gspExitEventHandler
 .text.gspWaitForEvent
                0x0000000000107ce0       0x44 /opt/devkitpro/libctru/lib/libctru.a(gspgpu.o)
                0x0000000000107ce0                gspWaitForEvent
 .text.gspWaitForAnyEvent
                0x0000000000107d24       0x64 /opt/devkitpro/libctru/lib/libctru.a(gspgpu.o)
                0x0000000000107d24                gspWaitForAnyEvent
 .text.gspEventThreadMain
                0x0000000000107d88      0x178 /opt/devkitpro/libctru/lib/libctru.a(gspgpu.o)
 .text.gspSubmitGxCommand
                0x0000000000107f00      0x120 /opt/devkitpro/libctru/lib/libctru.a(gspgpu.o)
                0x0000000000107f00                gspSubmitGxCommand
 .text.GSPGPU_SetBufferSwap
                0x0000000000108020       0x6c /opt/devkitpro/libctru/lib/libctru.a(gspgpu.o)
                0x0000000000108020                GSPGPU_SetBufferSwap
 .text.GSPGPU_FlushDataCache
                0x000000000010808c       0x4c /opt/devkitpro/libctru/lib/libctru.a(gspgpu.o)
                0x000000000010808c                GSPGPU_FlushDataCache
 .text.GSPGPU_SetLcdForceBlack
                0x00000000001080d8       0x34 /opt/devkitpro/libctru/lib/libctru.a(gspgpu.o)
                0x00000000001080d8                GSPGPU_SetLcdForceBlack
 .text.GSPGPU_RegisterInterruptRelayQueue
                0x000000000010810c       0x64 /opt/devkitpro/libctru/lib/libctru.a(gspgpu.o)
                0x000000000010810c                GSPGPU_RegisterInterruptRelayQueue
 .text.GSPGPU_UnregisterInterruptRelayQueue
                0x0000000000108170       0x2c /opt/devkitpro/libctru/lib/libctru.a(gspgpu.o)
                0x0000000000108170                GSPGPU_UnregisterInterruptRelayQueue
 .text.GSPGPU_AcquireRight
                0x000000000010819c       0x48 /opt/devkitpro/libctru/lib/libctru.a(gspgpu.o)
                0x000000000010819c                GSPGPU_AcquireRight
 .text.GSPGPU_ReleaseRight
                0x00000000001081e4       0x2c /opt/devkitpro/libctru/lib/libctru.a(gspgpu.o)
                0x00000000001081e4                GSPGPU_ReleaseRight
 .text.GSPGPU_ImportDisplayCaptureInfo
                0x0000000000108210       0x80 /opt/devkitpro/libctru/lib/libctru.a(gspgpu.o)
                0x0000000000108210                GSPGPU_ImportDisplayCaptureInfo
 .text.GSPGPU_SaveVramSysArea
                0x0000000000108290       0x2c /opt/devkitpro/libctru/lib/libctru.a(gspgpu.o)
                0x0000000000108290                GSPGPU_SaveVramSysArea
 .text.GSPGPU_RestoreVramSysArea
                0x00000000001082bc       0x2c /opt/devkitpro/libctru/lib/libctru.a(gspgpu.o)
                0x00000000001082bc                GSPGPU_RestoreVramSysArea
 .text._aptDebug
                0x00000000001082e8        0x4 /opt/devkitpro/libctru/lib/libctru.a(apt.o)
                0x00000000001082e8                _aptDebug
 .text.aptSendCommand
                0x00000000001082ec      0x170 /opt/devkitpro/libctru/lib/libctru.a(apt.o)
                0x00000000001082ec                aptSendCommand
 .text.aptExitProcess
                0x000000000010845c       0x3c /opt/devkitpro/libctru/lib/libctru.a(apt.o)
 .text.aptHook  0x0000000000108498       0x34 /opt/devkitpro/libctru/lib/libctru.a(apt.o)
                0x0000000000108498                aptHook
 .text.aptUnhook
                0x00000000001084cc       0x2c /opt/devkitpro/libctru/lib/libctru.a(apt.o)
                0x00000000001084cc                aptUnhook
 .text.APT_InquireNotification
                0x00000000001084f8       0x4c /opt/devkitpro/libctru/lib/libctru.a(apt.o)
                0x00000000001084f8                APT_InquireNotification
 .text.aptEventHandler
                0x0000000000108544      0x198 /opt/devkitpro/libctru/lib/libctru.a(apt.o)
 .text.APT_AppletUtility
                0x00000000001086dc       0x74 /opt/devkitpro/libctru/lib/libctru.a(apt.o)
                0x00000000001086dc                APT_AppletUtility
 .text.aptSetSleepAllowed
                0x0000000000108750       0xb0 /opt/devkitpro/libctru/lib/libctru.a(apt.o)
                0x0000000000108750                aptSetSleepAllowed
 .text.APT_GlanceParameter
                0x0000000000108800       0xb0 /opt/devkitpro/libctru/lib/libctru.a(apt.o)
                0x0000000000108800                APT_GlanceParameter
 .text.APT_ReceiveParameter
                0x00000000001088b0       0xc4 /opt/devkitpro/libctru/lib/libctru.a(apt.o)
                0x00000000001088b0                APT_ReceiveParameter
 .text.aptReceiveParameter.constprop.0
                0x0000000000108974       0xbc /opt/devkitpro/libctru/lib/libctru.a(apt.o)
 .text.aptScreenTransfer
                0x0000000000108a30      0x1e0 /opt/devkitpro/libctru/lib/libctru.a(apt.o)
 .text.aptWaitForWakeUp
                0x0000000000108c10      0x210 /opt/devkitpro/libctru/lib/libctru.a(apt.o)
 .text.APT_CancelParameter
                0x0000000000108e20       0x70 /opt/devkitpro/libctru/lib/libctru.a(apt.o)
                0x0000000000108e20                APT_CancelParameter
 .text.aptInit  0x0000000000108e90      0x25c /opt/devkitpro/libctru/lib/libctru.a(apt.o)
                0x0000000000108e90                aptInit
 .text.aptClearParamQueue
                0x00000000001090ec       0x88 /opt/devkitpro/libctru/lib/libctru.a(apt.o)
 .text.aptMainLoop
                0x0000000000109174      0x208 /opt/devkitpro/libctru/lib/libctru.a(apt.o)
                0x0000000000109174                aptMainLoop
 *fill*         0x000000000010937c        0x4 
 .text.aptExit  0x0000000000109380      0x23c /opt/devkitpro/libctru/lib/libctru.a(apt.o)
                0x0000000000109380                aptExit
 .text.APT_CheckNew3DS
                0x00000000001095bc       0x7c /opt/devkitpro/libctru/lib/libctru.a(apt.o)
                0x00000000001095bc                APT_CheckNew3DS
 .text.hidCheckSectionUpdateTime.part.0
                0x0000000000109638       0x28 /opt/devkitpro/libctru/lib/libctru.a(hid.o)
 .text.hidExit  0x0000000000109660       0xd0 /opt/devkitpro/libctru/lib/libctru.a(hid.o)
                0x0000000000109660                hidExit
 .text.hidScanInput
                0x0000000000109730      0x210 /opt/devkitpro/libctru/lib/libctru.a(hid.o)
                0x0000000000109730                hidScanInput
 .text.hidKeysHeld
                0x0000000000109940       0x10 /opt/devkitpro/libctru/lib/libctru.a(hid.o)
                0x0000000000109940                hidKeysHeld
 .text.hidKeysDown
                0x0000000000109950       0x10 /opt/devkitpro/libctru/lib/libctru.a(hid.o)
                0x0000000000109950                hidKeysDown
 .text.HIDUSER_GetHandles
                0x0000000000109960       0x90 /opt/devkitpro/libctru/lib/libctru.a(hid.o)
                0x0000000000109960                HIDUSER_GetHandles
 .text.hidInit  0x00000000001099f0      0x1a4 /opt/devkitpro/libctru/lib/libctru.a(hid.o)
                0x00000000001099f0                hidInit
 .text.ptmSysmInit
                0x0000000000109b94       0x74 /opt/devkitpro/libctru/lib/libctru.a(ptmsysm.o)
                0x0000000000109b94                ptmSysmInit
 .text.ptmSysmExit
                0x0000000000109c08       0x3c /opt/devkitpro/libctru/lib/libctru.a(ptmsysm.o)
                0x0000000000109c08                ptmSysmExit
 .text.PTMSYSM_ConfigureNew3DSCPU
                0x0000000000109c44       0x34 /opt/devkitpro/libctru/lib/libctru.a(ptmsysm.o)
                0x0000000000109c44                PTMSYSM_ConfigureNew3DSCPU
 .text.rbtree_init
                0x0000000000109c78       0x14 /opt/devkitpro/libctru/lib/libctru.a(rbtree_init.o)
                0x0000000000109c78                rbtree_init
 .text.do_insert
                0x0000000000109c8c      0x18c /opt/devkitpro/libctru/lib/libctru.a(rbtree_insert.o)
 .text.rbtree_insert
                0x0000000000109e18        0x8 /opt/devkitpro/libctru/lib/libctru.a(rbtree_insert.o)
                0x0000000000109e18                rbtree_insert
 .text.rbtree_rotate
                0x0000000000109e20       0x90 /opt/devkitpro/libctru/lib/libctru.a(rbtree_rotate.o)
                0x0000000000109e20                rbtree_rotate
 .text.rbtree_remove
                0x0000000000109eb0      0x330 /opt/devkitpro/libctru/lib/libctru.a(rbtree_remove.o)
                0x0000000000109eb0                rbtree_remove
 .text.rbtree_find
                0x000000000010a1e0       0x74 /opt/devkitpro/libctru/lib/libctru.a(rbtree_find.o)
                0x000000000010a1e0                rbtree_find
 .text.__libctru_init
                0x000000000010a254       0x38 /opt/devkitpro/libctru/lib/libctru.a(initSystem.o)
                0x000000000010a254                __libctru_init
 .text.__libctru_nanosleep
                0x000000000010a28c       0x38 /opt/devkitpro/libctru/lib/libctru.a(syscalls.o)
 .text.__ctru_get_reent
                0x000000000010a2c4       0x30 /opt/devkitpro/libctru/lib/libctru.a(syscalls.o)
 .text.__system_initSyscalls
                0x000000000010a2f4       0xfc /opt/devkitpro/libctru/lib/libctru.a(syscalls.o)
                0x000000000010a2f4                __system_initSyscalls
 .text.__system_allocateHeaps
                0x000000000010a3f0      0x104 /opt/devkitpro/libctru/lib/libctru.a(allocateHeaps.o)
                0x000000000010a3f0                __system_allocateHeaps
 .text.__system_initArgv
                0x000000000010a4f4       0xf0 /opt/devkitpro/libctru/lib/libctru.a(initArgv.o)
                0x000000000010a4f4                __system_initArgv
 .text.svcControlMemory
                0x000000000010a5e4       0x20 /opt/devkitpro/libctru/lib/libctru.a(svc.o)
                0x000000000010a5e4                svcControlMemory
 .text.svcExitProcess
                0x000000000010a604        0x8 /opt/devkitpro/libctru/lib/libctru.a(svc.o)
                0x000000000010a604                svcExitProcess
 .text.svcCreateThread
                0x000000000010a60c       0x20 /opt/devkitpro/libctru/lib/libctru.a(svc.o)
                0x000000000010a60c                svcCreateThread
 .text.svcExitThread
                0x000000000010a62c        0x8 /opt/devkitpro/libctru/lib/libctru.a(svc.o)
                0x000000000010a62c                svcExitThread
 .text.svcSleepThread
                0x000000000010a634        0x8 /opt/devkitpro/libctru/lib/libctru.a(svc.o)
                0x000000000010a634                svcSleepThread
 .text.svcReleaseMutex
                0x000000000010a63c        0x8 /opt/devkitpro/libctru/lib/libctru.a(svc.o)
                0x000000000010a63c                svcReleaseMutex
 .text.svcCreateEvent
                0x000000000010a644       0x14 /opt/devkitpro/libctru/lib/libctru.a(svc.o)
                0x000000000010a644                svcCreateEvent
 .text.svcSignalEvent
                0x000000000010a658        0x8 /opt/devkitpro/libctru/lib/libctru.a(svc.o)
                0x000000000010a658                svcSignalEvent
 .text.svcClearEvent
                0x000000000010a660        0x8 /opt/devkitpro/libctru/lib/libctru.a(svc.o)
                0x000000000010a660                svcClearEvent
 .text.svcMapMemoryBlock
                0x000000000010a668        0x8 /opt/devkitpro/libctru/lib/libctru.a(svc.o)
                0x000000000010a668                svcMapMemoryBlock
 .text.svcUnmapMemoryBlock
                0x000000000010a670        0x8 /opt/devkitpro/libctru/lib/libctru.a(svc.o)
                0x000000000010a670                svcUnmapMemoryBlock
 .text.svcCreateAddressArbiter
                0x000000000010a678       0x14 /opt/devkitpro/libctru/lib/libctru.a(svc.o)
                0x000000000010a678                svcCreateAddressArbiter
 .text.svcArbitrateAddress
                0x000000000010a68c       0x18 /opt/devkitpro/libctru/lib/libctru.a(svc.o)
                0x000000000010a68c                svcArbitrateAddress
 .text.svcCloseHandle
                0x000000000010a6a4        0x8 /opt/devkitpro/libctru/lib/libctru.a(svc.o)
                0x000000000010a6a4                svcCloseHandle
 .text.svcWaitSynchronization
                0x000000000010a6ac        0x8 /opt/devkitpro/libctru/lib/libctru.a(svc.o)
                0x000000000010a6ac                svcWaitSynchronization
 .text.svcWaitSynchronizationN
                0x000000000010a6b4       0x28 /opt/devkitpro/libctru/lib/libctru.a(svc.o)
                0x000000000010a6b4                svcWaitSynchronizationN
 .text.svcDuplicateHandle
                0x000000000010a6dc       0x14 /opt/devkitpro/libctru/lib/libctru.a(svc.o)
                0x000000000010a6dc                svcDuplicateHandle
 .text.svcGetSystemTick
                0x000000000010a6f0        0x8 /opt/devkitpro/libctru/lib/libctru.a(svc.o)
                0x000000000010a6f0                svcGetSystemTick
 .text.svcGetSystemInfo
                0x000000000010a6f8       0x18 /opt/devkitpro/libctru/lib/libctru.a(svc.o)
                0x000000000010a6f8                svcGetSystemInfo
 .text.svcConnectToPort
                0x000000000010a710       0x14 /opt/devkitpro/libctru/lib/libctru.a(svc.o)
                0x000000000010a710                svcConnectToPort
 .text.svcSendSyncRequest
                0x000000000010a724        0x8 /opt/devkitpro/libctru/lib/libctru.a(svc.o)
                0x000000000010a724                svcSendSyncRequest
 .text.svcBreak
                0x000000000010a72c        0x8 /opt/devkitpro/libctru/lib/libctru.a(svc.o)
                0x000000000010a72c                svcBreak
 .text._ZL21addrMapNodeComparatorPK11rbtree_nodeS1_
                0x000000000010a734       0x24 /opt/devkitpro/libctru/lib/libctru.a(mappable.o)
 .text._ZL21addrMapNodeDestructorP11rbtree_node
                0x000000000010a758        0x4 /opt/devkitpro/libctru/lib/libctru.a(mappable.o)
 .text.mappableAlloc
                0x000000000010a75c       0xe4 /opt/devkitpro/libctru/lib/libctru.a(mappable.o)
                0x000000000010a75c                mappableAlloc
 .text.mappableFree
                0x000000000010a840       0x50 /opt/devkitpro/libctru/lib/libctru.a(mappable.o)
                0x000000000010a840                mappableFree
 .text.LightLock_Unlock.part.1
                0x000000000010a890       0x38 /opt/devkitpro/libctru/lib/libctru.a(synchronization.o)
 .text.__sync_init
                0x000000000010a8c8        0xc /opt/devkitpro/libctru/lib/libctru.a(synchronization.o)
                0x000000000010a8c8                __sync_init
 .text.__sync_fini
                0x000000000010a8d4       0x18 /opt/devkitpro/libctru/lib/libctru.a(synchronization.o)
                0x000000000010a8d4                __sync_fini
 .text.__sync_get_arbiter
                0x000000000010a8ec       0x10 /opt/devkitpro/libctru/lib/libctru.a(synchronization.o)
                0x000000000010a8ec                __sync_get_arbiter
 .text.LightLock_Init
                0x000000000010a8fc       0x18 /opt/devkitpro/libctru/lib/libctru.a(synchronization.o)
                0x000000000010a8fc                LightLock_Init
 .text.LightLock_Lock
                0x000000000010a914       0x9c /opt/devkitpro/libctru/lib/libctru.a(synchronization.o)
                0x000000000010a914                LightLock_Lock
 .text.LightLock_TryLock
                0x000000000010a9b0       0x34 /opt/devkitpro/libctru/lib/libctru.a(synchronization.o)
                0x000000000010a9b0                LightLock_TryLock
 .text.LightLock_Unlock
                0x000000000010a9e4       0x20 /opt/devkitpro/libctru/lib/libctru.a(synchronization.o)
                0x000000000010a9e4                LightLock_Unlock
 .text.RecursiveLock_Init
                0x000000000010aa04       0x24 /opt/devkitpro/libctru/lib/libctru.a(synchronization.o)
                0x000000000010aa04                RecursiveLock_Init
 .text.RecursiveLock_Lock
                0x000000000010aa28       0x30 /opt/devkitpro/libctru/lib/libctru.a(synchronization.o)
                0x000000000010aa28                RecursiveLock_Lock
 .text.RecursiveLock_TryLock
                0x000000000010aa58       0x58 /opt/devkitpro/libctru/lib/libctru.a(synchronization.o)
                0x000000000010aa58                RecursiveLock_TryLock
 .text.RecursiveLock_Unlock
                0x000000000010aab0       0x38 /opt/devkitpro/libctru/lib/libctru.a(synchronization.o)
                0x000000000010aab0                RecursiveLock_Unlock
 .text.LightEvent_Init
                0x000000000010aae8       0x38 /opt/devkitpro/libctru/lib/libctru.a(synchronization.o)
                0x000000000010aae8                LightEvent_Init
 .text.LightEvent_Clear
                0x000000000010ab20       0x7c /opt/devkitpro/libctru/lib/libctru.a(synchronization.o)
                0x000000000010ab20                LightEvent_Clear
 .text.LightEvent_Signal
                0x000000000010ab9c       0xdc /opt/devkitpro/libctru/lib/libctru.a(synchronization.o)
                0x000000000010ab9c                LightEvent_Signal
 .text.LightEvent_Wait
                0x000000000010ac78       0xc0 /opt/devkitpro/libctru/lib/libctru.a(synchronization.o)
                0x000000000010ac78                LightEvent_Wait
 .text.srvExit  0x000000000010ad38       0x58 /opt/devkitpro/libctru/lib/libctru.a(srv.o)
                0x000000000010ad38                srvExit
 .text.srvRegisterClient
                0x000000000010ad90       0x38 /opt/devkitpro/libctru/lib/libctru.a(srv.o)
                0x000000000010ad90                srvRegisterClient
 .text.srvInit  0x000000000010adc8       0xc8 /opt/devkitpro/libctru/lib/libctru.a(srv.o)
                0x000000000010adc8                srvInit
 .text.srvGetServiceHandleDirect
                0x000000000010ae90       0x80 /opt/devkitpro/libctru/lib/libctru.a(srv.o)
                0x000000000010ae90                srvGetServiceHandleDirect
 .text.srvGetServiceHandle
                0x000000000010af10       0x38 /opt/devkitpro/libctru/lib/libctru.a(srv.o)
                0x000000000010af10                srvGetServiceHandle
 .text.threadFree.part.0
                0x000000000010af48       0x1c /opt/devkitpro/libctru/lib/libctru.a(thread.o)
 .text.threadCreate
                0x000000000010af64      0x194 /opt/devkitpro/libctru/lib/libctru.a(thread.o)
                0x000000000010af64                threadCreate
 .text.threadJoin
                0x000000000010b0f8       0x24 /opt/devkitpro/libctru/lib/libctru.a(thread.o)
                0x000000000010b0f8                threadJoin
 .text.threadExit
                0x000000000010b11c       0x68 /opt/devkitpro/libctru/lib/libctru.a(thread.o)
                0x000000000010b11c                threadExit
 .text._thread_begin
                0x000000000010b184       0x48 /opt/devkitpro/libctru/lib/libctru.a(thread.o)
 .text.irrstScanInput
                0x000000000010b1cc       0xac /opt/devkitpro/libctru/lib/libctru.a(irrst.o)
                0x000000000010b1cc                irrstScanInput
 .text.irrstKeysHeld
                0x000000000010b278       0x24 /opt/devkitpro/libctru/lib/libctru.a(irrst.o)
                0x000000000010b278                irrstKeysHeld
 .text.IRRST_GetHandles
                0x000000000010b29c       0x50 /opt/devkitpro/libctru/lib/libctru.a(irrst.o)
                0x000000000010b29c                IRRST_GetHandles
 .text.irrstInit
                0x000000000010b2ec      0x154 /opt/devkitpro/libctru/lib/libctru.a(irrst.o)
                0x000000000010b2ec                irrstInit
 .text.IRRST_Shutdown
                0x000000000010b440       0x2c /opt/devkitpro/libctru/lib/libctru.a(irrst.o)
                0x000000000010b440                IRRST_Shutdown
 .text.irrstExit
                0x000000000010b46c       0xac /opt/devkitpro/libctru/lib/libctru.a(irrst.o)
                0x000000000010b46c                irrstExit
 .text.srvPmGetSessionHandle
                0x000000000010b518        0xc /opt/devkitpro/libctru/lib/libctru.a(srvpm.o)
                0x000000000010b518                srvPmGetSessionHandle
 .text.rbtree_node_next
                0x000000000010b524       0x78 /opt/devkitpro/libctru/lib/libctru.a(rbtree_iterator.o)
                0x000000000010b524                rbtree_node_next
 .text.__appInit
                0x000000000010b59c       0x1c /opt/devkitpro/libctru/lib/libctru.a(appInit.o)
                0x000000000010b59c                __appInit
 .text.__appExit
                0x000000000010b5b8       0x1c /opt/devkitpro/libctru/lib/libctru.a(appExit.o)
                0x000000000010b5b8                __appExit
 .text.__libctru_exit
                0x000000000010b5d4       0xa0 /opt/devkitpro/libctru/lib/libctru.a(ctru_exit.o)
                0x000000000010b5d4                __libctru_exit
 .text.envGetHandle
                0x000000000010b674       0x80 /opt/devkitpro/libctru/lib/libctru.a(env.o)
                0x000000000010b674                envGetHandle
 .text.envDestroyHandles
                0x000000000010b6f4       0x4c /opt/devkitpro/libctru/lib/libctru.a(env.o)
                0x000000000010b6f4                envDestroyHandles
 .text.sdmc_link
                0x000000000010b740       0x10 /opt/devkitpro/libctru/lib/libctru.a(sdmc_dev.o)
 .text.sdmc_dirreset
                0x000000000010b750       0x10 /opt/devkitpro/libctru/lib/libctru.a(sdmc_dev.o)
 .text.sdmc_chmod
                0x000000000010b760       0x10 /opt/devkitpro/libctru/lib/libctru.a(sdmc_dev.o)
 .text.error_cmp
                0x000000000010b770       0x24 /opt/devkitpro/libctru/lib/libctru.a(sdmc_dev.o)
 .text.sdmc_translate_error
                0x000000000010b794       0x50 /opt/devkitpro/libctru/lib/libctru.a(sdmc_dev.o)
 .text.sdmc_fsync
                0x000000000010b7e4       0x34 /opt/devkitpro/libctru/lib/libctru.a(sdmc_dev.o)
 .text.sdmc_ftruncate
                0x000000000010b818       0x54 /opt/devkitpro/libctru/lib/libctru.a(sdmc_dev.o)
 .text.sdmc_statvfs
                0x000000000010b86c       0xb8 /opt/devkitpro/libctru/lib/libctru.a(sdmc_dev.o)
 .text.sdmc_dirclose
                0x000000000010b924       0x38 /opt/devkitpro/libctru/lib/libctru.a(sdmc_dev.o)
 .text.sdmc_dirnext
                0x000000000010b95c      0x12c /opt/devkitpro/libctru/lib/libctru.a(sdmc_dev.o)
 .text.sdmc_close
                0x000000000010ba88       0x34 /opt/devkitpro/libctru/lib/libctru.a(sdmc_dev.o)
 .text.sdmc_fstat
                0x000000000010babc       0x74 /opt/devkitpro/libctru/lib/libctru.a(sdmc_dev.o)
 .text.sdmc_seek
                0x000000000010bb30       0xd8 /opt/devkitpro/libctru/lib/libctru.a(sdmc_dev.o)
 .text.sdmc_read
                0x000000000010bc08       0x84 /opt/devkitpro/libctru/lib/libctru.a(sdmc_dev.o)
 .text.sdmc_write
                0x000000000010bc8c       0xc0 /opt/devkitpro/libctru/lib/libctru.a(sdmc_dev.o)
 .text.sdmc_utf16path
                0x000000000010bd4c      0x1b0 /opt/devkitpro/libctru/lib/libctru.a(sdmc_dev.o)
 .text.sdmc_rmdir
                0x000000000010befc       0x74 /opt/devkitpro/libctru/lib/libctru.a(sdmc_dev.o)
 .text.sdmc_diropen
                0x000000000010bf70       0xa4 /opt/devkitpro/libctru/lib/libctru.a(sdmc_dev.o)
 .text.sdmc_chdir
                0x000000000010c014       0xb0 /opt/devkitpro/libctru/lib/libctru.a(sdmc_dev.o)
 .text.sdmc_mkdir
                0x000000000010c0c4       0x94 /opt/devkitpro/libctru/lib/libctru.a(sdmc_dev.o)
 .text.sdmc_rename
                0x000000000010c158      0x108 /opt/devkitpro/libctru/lib/libctru.a(sdmc_dev.o)
 .text.sdmc_unlink
                0x000000000010c260       0x74 /opt/devkitpro/libctru/lib/libctru.a(sdmc_dev.o)
 .text.sdmc_stat
                0x000000000010c2d4      0x108 /opt/devkitpro/libctru/lib/libctru.a(sdmc_dev.o)
 .text.sdmc_open
                0x000000000010c3dc      0x198 /opt/devkitpro/libctru/lib/libctru.a(sdmc_dev.o)
 .text.sdmc_fchmod
                0x000000000010c574       0x10 /opt/devkitpro/libctru/lib/libctru.a(sdmc_dev.o)
 .text.sdmcInit
                0x000000000010c584      0x168 /opt/devkitpro/libctru/lib/libctru.a(sdmc_dev.o)
                0x000000000010c584                sdmcInit
 .text.sdmcExit
                0x000000000010c6ec       0x60 /opt/devkitpro/libctru/lib/libctru.a(sdmc_dev.o)
                0x000000000010c6ec                sdmcExit
 .text.fsSessionForArchive.part.0
                0x000000000010c74c       0x28 /opt/devkitpro/libctru/lib/libctru.a(fs.o)
 .text.fsInit   0x000000000010c774       0xc4 /opt/devkitpro/libctru/lib/libctru.a(fs.o)
                0x000000000010c774                fsInit
 .text.fsExit   0x000000000010c838       0x3c /opt/devkitpro/libctru/lib/libctru.a(fs.o)
                0x000000000010c838                fsExit
 .text.fsExemptFromSession
                0x000000000010c874       0x64 /opt/devkitpro/libctru/lib/libctru.a(fs.o)
                0x000000000010c874                fsExemptFromSession
 .text.fsUnexemptFromSession
                0x000000000010c8d8       0x54 /opt/devkitpro/libctru/lib/libctru.a(fs.o)
                0x000000000010c8d8                fsUnexemptFromSession
 .text.FSUSER_OpenFile
                0x000000000010c92c       0xbc /opt/devkitpro/libctru/lib/libctru.a(fs.o)
                0x000000000010c92c                FSUSER_OpenFile
 .text.FSUSER_DeleteFile
                0x000000000010c9e8       0xa4 /opt/devkitpro/libctru/lib/libctru.a(fs.o)
                0x000000000010c9e8                FSUSER_DeleteFile
 .text.FSUSER_RenameFile
                0x000000000010ca8c       0xdc /opt/devkitpro/libctru/lib/libctru.a(fs.o)
                0x000000000010ca8c                FSUSER_RenameFile
 .text.FSUSER_DeleteDirectory
                0x000000000010cb68       0xa4 /opt/devkitpro/libctru/lib/libctru.a(fs.o)
                0x000000000010cb68                FSUSER_DeleteDirectory
 .text.FSUSER_CreateFile
                0x000000000010cc0c       0xbc /opt/devkitpro/libctru/lib/libctru.a(fs.o)
                0x000000000010cc0c                FSUSER_CreateFile
 .text.FSUSER_CreateDirectory
                0x000000000010ccc8       0xac /opt/devkitpro/libctru/lib/libctru.a(fs.o)
                0x000000000010ccc8                FSUSER_CreateDirectory
 .text.FSUSER_RenameDirectory
                0x000000000010cd74       0xdc /opt/devkitpro/libctru/lib/libctru.a(fs.o)
                0x000000000010cd74                FSUSER_RenameDirectory
 .text.FSUSER_OpenDirectory
                0x000000000010ce50       0xa0 /opt/devkitpro/libctru/lib/libctru.a(fs.o)
                0x000000000010ce50                FSUSER_OpenDirectory
 .text.FSUSER_OpenArchive
                0x000000000010cef0       0x98 /opt/devkitpro/libctru/lib/libctru.a(fs.o)
                0x000000000010cef0                FSUSER_OpenArchive
 .text.FSUSER_CloseArchive
                0x000000000010cf88       0x70 /opt/devkitpro/libctru/lib/libctru.a(fs.o)
                0x000000000010cf88                FSUSER_CloseArchive
 .text.FSUSER_GetSdmcArchiveResource
                0x000000000010cff8       0x78 /opt/devkitpro/libctru/lib/libctru.a(fs.o)
                0x000000000010cff8                FSUSER_GetSdmcArchiveResource
 .text.FSUSER_IsSdmcWritable
                0x000000000010d070       0x64 /opt/devkitpro/libctru/lib/libctru.a(fs.o)
                0x000000000010d070                FSUSER_IsSdmcWritable
 .text.FSFILE_Read
                0x000000000010d0d4       0x58 /opt/devkitpro/libctru/lib/libctru.a(fs.o)
                0x000000000010d0d4                FSFILE_Read
 .text.FSFILE_Write
                0x000000000010d12c       0x64 /opt/devkitpro/libctru/lib/libctru.a(fs.o)
                0x000000000010d12c                FSFILE_Write
 .text.FSFILE_GetSize
                0x000000000010d190       0x38 /opt/devkitpro/libctru/lib/libctru.a(fs.o)
                0x000000000010d190                FSFILE_GetSize
 .text.FSFILE_SetSize
                0x000000000010d1c8       0x28 /opt/devkitpro/libctru/lib/libctru.a(fs.o)
                0x000000000010d1c8                FSFILE_SetSize
 .text.FSFILE_Close
                0x000000000010d1f0       0x3c /opt/devkitpro/libctru/lib/libctru.a(fs.o)
                0x000000000010d1f0                FSFILE_Close
 .text.FSFILE_Flush
                0x000000000010d22c       0x24 /opt/devkitpro/libctru/lib/libctru.a(fs.o)
                0x000000000010d22c                FSFILE_Flush
 .text.FSDIR_Read
                0x000000000010d250       0x54 /opt/devkitpro/libctru/lib/libctru.a(fs.o)
                0x000000000010d250                FSDIR_Read
 .text.FSDIR_Close
                0x000000000010d2a4       0x3c /opt/devkitpro/libctru/lib/libctru.a(fs.o)
                0x000000000010d2a4                FSDIR_Close
 .text.utf8_to_utf16
                0x000000000010d2e0       0xc0 /opt/devkitpro/libctru/lib/libctru.a(utf8_to_utf16.o)
                0x000000000010d2e0                utf8_to_utf16
 .text.decode_utf8
                0x000000000010d3a0      0x138 /opt/devkitpro/libctru/lib/libctru.a(decode_utf8.o)
                0x000000000010d3a0                decode_utf8
 .text.utf16_to_utf8
                0x000000000010d4d8       0xe8 /opt/devkitpro/libctru/lib/libctru.a(utf16_to_utf8.o)
                0x000000000010d4d8                utf16_to_utf8
 .text.__aeabi_read_tp
                0x000000000010d5c0        0xc /opt/devkitpro/libctru/lib/libctru.a(readtp.o)
                0x000000000010d5c0                __aeabi_read_tp
 .text.encode_utf16
                0x000000000010d5cc       0x68 /opt/devkitpro/libctru/lib/libctru.a(encode_utf16.o)
                0x000000000010d5cc                encode_utf16
 .text.encode_utf8
                0x000000000010d634      0x104 /opt/devkitpro/libctru/lib/libctru.a(encode_utf8.o)
                0x000000000010d634                encode_utf8
 .text.decode_utf16
                0x000000000010d738       0x60 /opt/devkitpro/libctru/lib/libctru.a(decode_utf16.o)
                0x000000000010d738                decode_utf16
 .text.__fixdfdi
                0x000000000010d798       0x2c /opt/devkitpro/devkitARM/lib/gcc/arm-none-eabi/8.2.0/armv6k/fpu/libgcc.a(_fixdfdi.o)
                0x000000000010d798                __aeabi_d2lz
                0x000000000010d798                __fixdfdi
 *fill*         0x000000000010d7c4        0x4 
 .text.__fixunsdfdi
                0x000000000010d7c8       0x40 /opt/devkitpro/devkitARM/lib/gcc/arm-none-eabi/8.2.0/armv6k/fpu/libgcc.a(_fixunsdfdi.o)
                0x000000000010d7c8                __aeabi_d2ulz
                0x000000000010d7c8                __fixunsdfdi
 .text.__udivmoddi4
                0x000000000010d808      0x128 /opt/devkitpro/devkitARM/lib/gcc/arm-none-eabi/8.2.0/armv6k/fpu/libgcc.a(_udivmoddi4.o)
                0x000000000010d808                __udivmoddi4
 .text.bsearch  0x000000000010d930       0x7c /opt/devkitpro/devkitARM/lib/gcc/arm-none-eabi/8.2.0/../../../../arm-none-eabi/lib/armv6k/fpu/libg.a(lib_a-bsearch.o)
                0x000000000010d930                bsearch
 .text.calloc   0x000000000010d9ac       0x20 /opt/devkitpro/devkitARM/lib/gcc/arm-none-eabi/8.2.0/../../../../arm-none-eabi/lib/armv6k/fpu/libg.a(lib_a-calloc.o)
                0x000000000010d9ac                calloc
 .text._calloc_r
                0x000000000010d9cc       0x94 /opt/devkitpro/devkitARM/lib/gcc/arm-none-eabi/8.2.0/../../../../arm-none-eabi/lib/armv6k/fpu/libg.a(lib_a-callocr.o)
                0x000000000010d9cc                _calloc_r
 .text.__libc_fini_array
                0x000000000010da60       0x40 /opt/devkitpro/devkitARM/lib/gcc/arm-none-eabi/8.2.0/../../../../arm-none-eabi/lib/armv6k/fpu/libg.a(lib_a-fini.o)
                0x000000000010da60                __libc_fini_array
 .text.__libc_init_array
                0x000000000010daa0       0x7c /opt/devkitpro/devkitARM/lib/gcc/arm-none-eabi/8.2.0/../../../../arm-none-eabi/lib/armv6k/fpu/libg.a(lib_a-init.o)
                0x000000000010daa0                __libc_init_array
 .text.memalign
                0x000000000010db1c       0x20 /opt/devkitpro/devkitARM/lib/gcc/arm-none-eabi/8.2.0/../../../../arm-none-eabi/lib/armv6k/fpu/libg.a(lib_a-malign.o)
                0x000000000010db1c                memalign
 .text._memalign_r
                0x000000000010db3c      0x14c /opt/devkitpro/devkitARM/lib/gcc/arm-none-eabi/8.2.0/../../../../arm-none-eabi/lib/armv6k/fpu/libg.a(lib_a-malignr.o)
                0x000000000010db3c                _memalign_r
 .text.malloc   0x000000000010dc88       0x18 /opt/devkitpro/devkitARM/lib/gcc/arm-none-eabi/8.2.0/../../../../arm-none-eabi/lib/armv6k/fpu/libg.a(lib_a-malloc.o)
                0x000000000010dc88                malloc
 .text.free     0x000000000010dca0       0x18 /opt/devkitpro/devkitARM/lib/gcc/arm-none-eabi/8.2.0/../../../../arm-none-eabi/lib/armv6k/fpu/libg.a(lib_a-malloc.o)
                0x000000000010dca0                free
 .text._malloc_r
                0x000000000010dcb8      0x7d8 /opt/devkitpro/devkitARM/lib/gcc/arm-none-eabi/8.2.0/../../../../arm-none-eabi/lib/armv6k/fpu/libg.a(lib_a-mallocr.o)
                0x000000000010dcb8                _malloc_r
 .text.memchr   0x000000000010e490      0x100 /opt/devkitpro/devkitARM/lib/gcc/arm-none-eabi/8.2.0/../../../../arm-none-eabi/lib/armv6k/fpu/libg.a(lib_a-memchr-stub.o)
                0x000000000010e490                memchr
 .text.memcpy   0x000000000010e590      0x118 /opt/devkitpro/devkitARM/lib/gcc/arm-none-eabi/8.2.0/../../../../arm-none-eabi/lib/armv6k/fpu/libg.a(lib_a-memcpy-stub.o)
                0x000000000010e590                memcpy
 .text.memset   0x000000000010e6a8      0x114 /opt/devkitpro/devkitARM/lib/gcc/arm-none-eabi/8.2.0/../../../../arm-none-eabi/lib/armv6k/fpu/libg.a(lib_a-memset.o)
                0x000000000010e6a8                memset
 .text.__malloc_lock
                0x000000000010e7bc        0xc /opt/devkitpro/devkitARM/lib/gcc/arm-none-eabi/8.2.0/../../../../arm-none-eabi/lib/armv6k/fpu/libg.a(lib_a-mlock.o)
                0x000000000010e7bc                __malloc_lock
 .text.__malloc_unlock
                0x000000000010e7c8        0xc /opt/devkitpro/devkitARM/lib/gcc/arm-none-eabi/8.2.0/../../../../arm-none-eabi/lib/armv6k/fpu/libg.a(lib_a-mlock.o)
                0x000000000010e7c8                __malloc_unlock
 .text.printf   0x000000000010e7d4       0x38 /opt/devkitpro/devkitARM/lib/gcc/arm-none-eabi/8.2.0/../../../../arm-none-eabi/lib/armv6k/fpu/libg.a(lib_a-printf.o)
                0x000000000010e7d4                printf
 .text.putchar  0x000000000010e80c       0x1c /opt/devkitpro/devkitARM/lib/gcc/arm-none-eabi/8.2.0/../../../../arm-none-eabi/lib/armv6k/fpu/libg.a(lib_a-putchar.o)
                0x000000000010e80c                putchar
 .text._putc_r  0x000000000010e828       0xdc /opt/devkitpro/devkitARM/lib/gcc/arm-none-eabi/8.2.0/../../../../arm-none-eabi/lib/armv6k/fpu/libg.a(lib_a-putc.o)
                0x000000000010e828                _putc_r
 .text._puts_r  0x000000000010e904       0xe0 /opt/devkitpro/devkitARM/lib/gcc/arm-none-eabi/8.2.0/../../../../arm-none-eabi/lib/armv6k/fpu/libg.a(lib_a-puts.o)
                0x000000000010e904                _puts_r
 .text.puts     0x000000000010e9e4       0x18 /opt/devkitpro/devkitARM/lib/gcc/arm-none-eabi/8.2.0/../../../../arm-none-eabi/lib/armv6k/fpu/libg.a(lib_a-puts.o)
                0x000000000010e9e4                puts
 .text.setvbuf  0x000000000010e9fc      0x25c /opt/devkitpro/devkitARM/lib/gcc/arm-none-eabi/8.2.0/../../../../arm-none-eabi/lib/armv6k/fpu/libg.a(lib_a-setvbuf.o)
                0x000000000010e9fc                setvbuf
 .text.sscanf   0x000000000010ec58       0x74 /opt/devkitpro/devkitARM/lib/gcc/arm-none-eabi/8.2.0/../../../../arm-none-eabi/lib/armv6k/fpu/libg.a(lib_a-sscanf.o)
                0x000000000010ec58                sscanf
 .text.__sread  0x000000000010eccc       0x3c /opt/devkitpro/devkitARM/lib/gcc/arm-none-eabi/8.2.0/../../../../arm-none-eabi/lib/armv6k/fpu/libg.a(lib_a-stdio.o)
                0x000000000010eccc                __sread
 .text.__seofread
                0x000000000010ed08        0x8 /opt/devkitpro/devkitARM/lib/gcc/arm-none-eabi/8.2.0/../../../../arm-none-eabi/lib/armv6k/fpu/libg.a(lib_a-stdio.o)
                0x000000000010ed08                __seofread
 .text.__swrite
                0x000000000010ed10       0x68 /opt/devkitpro/devkitARM/lib/gcc/arm-none-eabi/8.2.0/../../../../arm-none-eabi/lib/armv6k/fpu/libg.a(lib_a-stdio.o)
                0x000000000010ed10                __swrite
 .text.__sseek  0x000000000010ed78       0x48 /opt/devkitpro/devkitARM/lib/gcc/arm-none-eabi/8.2.0/../../../../arm-none-eabi/lib/armv6k/fpu/libg.a(lib_a-stdio.o)
                0x000000000010ed78                __sseek
 .text.__sclose
                0x000000000010edc0        0x8 /opt/devkitpro/devkitARM/lib/gcc/arm-none-eabi/8.2.0/../../../../arm-none-eabi/lib/armv6k/fpu/libg.a(lib_a-stdio.o)
                0x000000000010edc0                __sclose
 .text.strlen   0x000000000010edc8       0x5c /opt/devkitpro/devkitARM/lib/gcc/arm-none-eabi/8.2.0/../../../../arm-none-eabi/lib/armv6k/fpu/libg.a(lib_a-strlen-stub.o)
                0x000000000010edc8                strlen
 .text.strncat  0x000000000010ee24       0x98 /opt/devkitpro/devkitARM/lib/gcc/arm-none-eabi/8.2.0/../../../../arm-none-eabi/lib/armv6k/fpu/libg.a(lib_a-strncat.o)
                0x000000000010ee24                strncat
 .text.strncpy  0x000000000010eebc       0xe0 /opt/devkitpro/devkitARM/lib/gcc/arm-none-eabi/8.2.0/../../../../arm-none-eabi/lib/armv6k/fpu/libg.a(lib_a-strncpy.o)
                0x000000000010eebc                strncpy
 .text.strnlen  0x000000000010ef9c       0x5c /opt/devkitpro/devkitARM/lib/gcc/arm-none-eabi/8.2.0/../../../../arm-none-eabi/lib/armv6k/fpu/libg.a(lib_a-strnlen.o)
                0x000000000010ef9c                strnlen
 .text.get_arg  0x000000000010eff8       0x48 /opt/devkitpro/devkitARM/lib/gcc/arm-none-eabi/8.2.0/../../../../arm-none-eabi/lib/armv6k/fpu/libg.a(lib_a-svfscanf.o)
 .text.__ssvfscanf_r
                0x000000000010f040     0x2b08 /opt/devkitpro/devkitARM/lib/gcc/arm-none-eabi/8.2.0/../../../../arm-none-eabi/lib/armv6k/fpu/libg.a(lib_a-svfscanf.o)
                0x000000000010f040                __ssvfscanf_r
 .text.__sprint_r
                0x0000000000111b48       0x34 /opt/devkitpro/devkitARM/lib/gcc/arm-none-eabi/8.2.0/../../../../arm-none-eabi/lib/armv6k/fpu/libg.a(lib_a-vfiprintf.o)
                0x0000000000111b48                __sprint_r
 .text.get_arg  0x0000000000111b7c      0x620 /opt/devkitpro/devkitARM/lib/gcc/arm-none-eabi/8.2.0/../../../../arm-none-eabi/lib/armv6k/fpu/libg.a(lib_a-vfprintf.o)
 *fill*         0x000000000011219c        0x4 
 .text._vfprintf_r
                0x00000000001121a0     0x3714 /opt/devkitpro/devkitARM/lib/gcc/arm-none-eabi/8.2.0/../../../../arm-none-eabi/lib/armv6k/fpu/libg.a(lib_a-vfprintf.o)
                0x00000000001121a0                _vfprintf_r
 .text.__sbprintf
                0x00000000001158b4       0xd0 /opt/devkitpro/devkitARM/lib/gcc/arm-none-eabi/8.2.0/../../../../arm-none-eabi/lib/armv6k/fpu/libg.a(lib_a-vfprintf.o)
 .text.__swbuf_r
                0x0000000000115984      0x108 /opt/devkitpro/devkitARM/lib/gcc/arm-none-eabi/8.2.0/../../../../arm-none-eabi/lib/armv6k/fpu/libg.a(lib_a-wbuf.o)
                0x0000000000115984                __swbuf_r
 .text._wcrtomb_r
                0x0000000000115a8c       0x54 /opt/devkitpro/devkitARM/lib/gcc/arm-none-eabi/8.2.0/../../../../arm-none-eabi/lib/armv6k/fpu/libg.a(lib_a-wcrtomb.o)
                0x0000000000115a8c                _wcrtomb_r
 .text._wcsrtombs_r
                0x0000000000115ae0       0x20 /opt/devkitpro/devkitARM/lib/gcc/arm-none-eabi/8.2.0/../../../../arm-none-eabi/lib/armv6k/fpu/libg.a(lib_a-wcsrtombs.o)
                0x0000000000115ae0                _wcsrtombs_r
 .text.__swsetup_r
                0x0000000000115b00      0x150 /opt/devkitpro/devkitARM/lib/gcc/arm-none-eabi/8.2.0/../../../../arm-none-eabi/lib/armv6k/fpu/libg.a(lib_a-wsetup.o)
                0x0000000000115b00                __swsetup_r
 .text.quorem   0x0000000000115c50      0x1c8 /opt/devkitpro/devkitARM/lib/gcc/arm-none-eabi/8.2.0/../../../../arm-none-eabi/lib/armv6k/fpu/libg.a(lib_a-dtoa.o)
 .text._dtoa_r  0x0000000000115e18     0x12e4 /opt/devkitpro/devkitARM/lib/gcc/arm-none-eabi/8.2.0/../../../../arm-none-eabi/lib/armv6k/fpu/libg.a(lib_a-dtoa.o)
                0x0000000000115e18                _dtoa_r
 .text.__sflush_r
                0x00000000001170fc      0x270 /opt/devkitpro/devkitARM/lib/gcc/arm-none-eabi/8.2.0/../../../../arm-none-eabi/lib/armv6k/fpu/libg.a(lib_a-fflush.o)
                0x00000000001170fc                __sflush_r
 .text._fflush_r
                0x000000000011736c       0x94 /opt/devkitpro/devkitARM/lib/gcc/arm-none-eabi/8.2.0/../../../../arm-none-eabi/lib/armv6k/fpu/libg.a(lib_a-fflush.o)
                0x000000000011736c                _fflush_r
 .text.std      0x0000000000117400       0x78 /opt/devkitpro/devkitARM/lib/gcc/arm-none-eabi/8.2.0/../../../../arm-none-eabi/lib/armv6k/fpu/libg.a(lib_a-findfp.o)
 .text._cleanup_r
                0x0000000000117478        0xc /opt/devkitpro/devkitARM/lib/gcc/arm-none-eabi/8.2.0/../../../../arm-none-eabi/lib/armv6k/fpu/libg.a(lib_a-findfp.o)
                0x0000000000117478                _cleanup_r
 .text.__sinit  0x0000000000117484       0x8c /opt/devkitpro/devkitARM/lib/gcc/arm-none-eabi/8.2.0/../../../../arm-none-eabi/lib/armv6k/fpu/libg.a(lib_a-findfp.o)
                0x0000000000117484                __sinit
 .text.__sfp_lock_acquire
                0x0000000000117510        0xc /opt/devkitpro/devkitARM/lib/gcc/arm-none-eabi/8.2.0/../../../../arm-none-eabi/lib/armv6k/fpu/libg.a(lib_a-findfp.o)
                0x0000000000117510                __sfp_lock_acquire
 .text.__sfp_lock_release
                0x000000000011751c        0xc /opt/devkitpro/devkitARM/lib/gcc/arm-none-eabi/8.2.0/../../../../arm-none-eabi/lib/armv6k/fpu/libg.a(lib_a-findfp.o)
                0x000000000011751c                __sfp_lock_release
 .text._malloc_trim_r
                0x0000000000117528       0xf8 /opt/devkitpro/devkitARM/lib/gcc/arm-none-eabi/8.2.0/../../../../arm-none-eabi/lib/armv6k/fpu/libg.a(lib_a-freer.o)
                0x0000000000117528                _malloc_trim_r
 .text._free_r  0x0000000000117620      0x2e4 /opt/devkitpro/devkitARM/lib/gcc/arm-none-eabi/8.2.0/../../../../arm-none-eabi/lib/armv6k/fpu/libg.a(lib_a-freer.o)
                0x0000000000117620                _free_r
 .text.__sfvwrite_r
                0x0000000000117904      0x4a4 /opt/devkitpro/devkitARM/lib/gcc/arm-none-eabi/8.2.0/../../../../arm-none-eabi/lib/armv6k/fpu/libg.a(lib_a-fvwrite.o)
                0x0000000000117904                __sfvwrite_r
 .text._fwalk_reent
                0x0000000000117da8       0x80 /opt/devkitpro/devkitARM/lib/gcc/arm-none-eabi/8.2.0/../../../../arm-none-eabi/lib/armv6k/fpu/libg.a(lib_a-fwalk.o)
                0x0000000000117da8                _fwalk_reent
 .text.iswspace
                0x0000000000117e28        0x8 /opt/devkitpro/devkitARM/lib/gcc/arm-none-eabi/8.2.0/../../../../arm-none-eabi/lib/armv6k/fpu/libg.a(lib_a-iswspace.o)
                0x0000000000117e28                iswspace
 .text._localeconv_r
                0x0000000000117e30        0xc /opt/devkitpro/devkitARM/lib/gcc/arm-none-eabi/8.2.0/../../../../arm-none-eabi/lib/armv6k/fpu/libg.a(lib_a-localeconv.o)
                0x0000000000117e30                _localeconv_r
 .text.__locale_mb_cur_max
                0x0000000000117e3c       0x10 /opt/devkitpro/devkitARM/lib/gcc/arm-none-eabi/8.2.0/../../../../arm-none-eabi/lib/armv6k/fpu/libg.a(lib_a-locale.o)
                0x0000000000117e3c                __locale_mb_cur_max
 .text.__swhatbuf_r
                0x0000000000117e4c       0x94 /opt/devkitpro/devkitARM/lib/gcc/arm-none-eabi/8.2.0/../../../../arm-none-eabi/lib/armv6k/fpu/libg.a(lib_a-makebuf.o)
                0x0000000000117e4c                __swhatbuf_r
 .text.__smakebuf_r
                0x0000000000117ee0       0xf4 /opt/devkitpro/devkitARM/lib/gcc/arm-none-eabi/8.2.0/../../../../arm-none-eabi/lib/armv6k/fpu/libg.a(lib_a-makebuf.o)
                0x0000000000117ee0                __smakebuf_r
 .text._mbrtowc_r
                0x0000000000117fd4       0x60 /opt/devkitpro/devkitARM/lib/gcc/arm-none-eabi/8.2.0/../../../../arm-none-eabi/lib/armv6k/fpu/libg.a(lib_a-mbrtowc.o)
                0x0000000000117fd4                _mbrtowc_r
 .text.__utf8_mbtowc
                0x0000000000118034      0x2fc /opt/devkitpro/devkitARM/lib/gcc/arm-none-eabi/8.2.0/../../../../arm-none-eabi/lib/armv6k/fpu/libg.a(lib_a-mbtowc_r.o)
                0x0000000000118034                __utf8_mbtowc
 .text.memmove  0x0000000000118330      0x154 /opt/devkitpro/devkitARM/lib/gcc/arm-none-eabi/8.2.0/../../../../arm-none-eabi/lib/armv6k/fpu/libg.a(lib_a-memmove.o)
                0x0000000000118330                memmove
 .text._Balloc  0x0000000000118484       0x88 /opt/devkitpro/devkitARM/lib/gcc/arm-none-eabi/8.2.0/../../../../arm-none-eabi/lib/armv6k/fpu/libg.a(lib_a-mprec.o)
                0x0000000000118484                _Balloc
 .text._Bfree   0x000000000011850c       0x1c /opt/devkitpro/devkitARM/lib/gcc/arm-none-eabi/8.2.0/../../../../arm-none-eabi/lib/armv6k/fpu/libg.a(lib_a-mprec.o)
                0x000000000011850c                _Bfree
 .text.__multadd
                0x0000000000118528       0xe0 /opt/devkitpro/devkitARM/lib/gcc/arm-none-eabi/8.2.0/../../../../arm-none-eabi/lib/armv6k/fpu/libg.a(lib_a-mprec.o)
                0x0000000000118528                __multadd
 .text.__s2b    0x0000000000118608       0xe4 /opt/devkitpro/devkitARM/lib/gcc/arm-none-eabi/8.2.0/../../../../arm-none-eabi/lib/armv6k/fpu/libg.a(lib_a-mprec.o)
                0x0000000000118608                __s2b
 .text.__hi0bits
                0x00000000001186ec       0x58 /opt/devkitpro/devkitARM/lib/gcc/arm-none-eabi/8.2.0/../../../../arm-none-eabi/lib/armv6k/fpu/libg.a(lib_a-mprec.o)
                0x00000000001186ec                __hi0bits
 .text.__lo0bits
                0x0000000000118744       0x9c /opt/devkitpro/devkitARM/lib/gcc/arm-none-eabi/8.2.0/../../../../arm-none-eabi/lib/armv6k/fpu/libg.a(lib_a-mprec.o)
                0x0000000000118744                __lo0bits
 .text.__i2b    0x00000000001187e0       0x20 /opt/devkitpro/devkitARM/lib/gcc/arm-none-eabi/8.2.0/../../../../arm-none-eabi/lib/armv6k/fpu/libg.a(lib_a-mprec.o)
                0x00000000001187e0                __i2b
 .text.__multiply
                0x0000000000118800      0x1c4 /opt/devkitpro/devkitARM/lib/gcc/arm-none-eabi/8.2.0/../../../../arm-none-eabi/lib/armv6k/fpu/libg.a(lib_a-mprec.o)
                0x0000000000118800                __multiply
 .text.__pow5mult
                0x00000000001189c4      0x100 /opt/devkitpro/devkitARM/lib/gcc/arm-none-eabi/8.2.0/../../../../arm-none-eabi/lib/armv6k/fpu/libg.a(lib_a-mprec.o)
                0x00000000001189c4                __pow5mult
 .text.__lshift
                0x0000000000118ac4       0xf4 /opt/devkitpro/devkitARM/lib/gcc/arm-none-eabi/8.2.0/../../../../arm-none-eabi/lib/armv6k/fpu/libg.a(lib_a-mprec.o)
                0x0000000000118ac4                __lshift
 .text.__mcmp   0x0000000000118bb8       0x5c /opt/devkitpro/devkitARM/lib/gcc/arm-none-eabi/8.2.0/../../../../arm-none-eabi/lib/armv6k/fpu/libg.a(lib_a-mprec.o)
                0x0000000000118bb8                __mcmp
 .text.__mdiff  0x0000000000118c14      0x168 /opt/devkitpro/devkitARM/lib/gcc/arm-none-eabi/8.2.0/../../../../arm-none-eabi/lib/armv6k/fpu/libg.a(lib_a-mprec.o)
                0x0000000000118c14                __mdiff
 .text.__ulp    0x0000000000118d7c       0x74 /opt/devkitpro/devkitARM/lib/gcc/arm-none-eabi/8.2.0/../../../../arm-none-eabi/lib/armv6k/fpu/libg.a(lib_a-mprec.o)
                0x0000000000118d7c                __ulp
 .text.__b2d    0x0000000000118df0       0xd4 /opt/devkitpro/devkitARM/lib/gcc/arm-none-eabi/8.2.0/../../../../arm-none-eabi/lib/armv6k/fpu/libg.a(lib_a-mprec.o)
                0x0000000000118df0                __b2d
 .text.__d2b    0x0000000000118ec4      0x100 /opt/devkitpro/devkitARM/lib/gcc/arm-none-eabi/8.2.0/../../../../arm-none-eabi/lib/armv6k/fpu/libg.a(lib_a-mprec.o)
                0x0000000000118ec4                __d2b
 .text.__ratio  0x0000000000118fc4       0x84 /opt/devkitpro/devkitARM/lib/gcc/arm-none-eabi/8.2.0/../../../../arm-none-eabi/lib/armv6k/fpu/libg.a(lib_a-mprec.o)
                0x0000000000118fc4                __ratio
 .text.__copybits
                0x0000000000119048       0x6c /opt/devkitpro/devkitARM/lib/gcc/arm-none-eabi/8.2.0/../../../../arm-none-eabi/lib/armv6k/fpu/libg.a(lib_a-mprec.o)
                0x0000000000119048                __copybits
 .text.__any_on
                0x00000000001190b4       0x78 /opt/devkitpro/devkitARM/lib/gcc/arm-none-eabi/8.2.0/../../../../arm-none-eabi/lib/armv6k/fpu/libg.a(lib_a-mprec.o)
                0x00000000001190b4                __any_on
 .text.realloc  0x000000000011912c       0x20 /opt/devkitpro/devkitARM/lib/gcc/arm-none-eabi/8.2.0/../../../../arm-none-eabi/lib/armv6k/fpu/libg.a(lib_a-realloc.o)
                0x000000000011912c                realloc
 .text._realloc_r
                0x000000000011914c      0x4bc /opt/devkitpro/devkitARM/lib/gcc/arm-none-eabi/8.2.0/../../../../arm-none-eabi/lib/armv6k/fpu/libg.a(lib_a-reallocr.o)
                0x000000000011914c                _realloc_r
 .text.__sccl   0x0000000000119608       0xcc /opt/devkitpro/devkitARM/lib/gcc/arm-none-eabi/8.2.0/../../../../arm-none-eabi/lib/armv6k/fpu/libg.a(lib_a-sccl.o)
                0x0000000000119608                __sccl
 .text.nanf     0x00000000001196d4        0xc /opt/devkitpro/devkitARM/lib/gcc/arm-none-eabi/8.2.0/../../../../arm-none-eabi/lib/armv6k/fpu/libg.a(lib_a-sf_nan.o)
                0x00000000001196d4                nanf
 .text.frexp    0x00000000001196e0       0xa8 /opt/devkitpro/devkitARM/lib/gcc/arm-none-eabi/8.2.0/../../../../arm-none-eabi/lib/armv6k/fpu/libg.a(lib_a-s_frexp.o)
                0x00000000001196e0                frexp
 .text.sprintf  0x0000000000119788       0x64 /opt/devkitpro/devkitARM/lib/gcc/arm-none-eabi/8.2.0/../../../../arm-none-eabi/lib/armv6k/fpu/libg.a(lib_a-sprintf.o)
                0x0000000000119788                sprintf
 .text.stpncpy  0x00000000001197ec      0x100 /opt/devkitpro/devkitARM/lib/gcc/arm-none-eabi/8.2.0/../../../../arm-none-eabi/lib/armv6k/fpu/libg.a(lib_a-stpncpy.o)
                0x00000000001197ec                stpncpy
 .text.strchr   0x00000000001198ec      0x180 /opt/devkitpro/devkitARM/lib/gcc/arm-none-eabi/8.2.0/../../../../arm-none-eabi/lib/armv6k/fpu/libg.a(lib_a-strchr.o)
                0x00000000001198ec                strchr
 .text.strncmp  0x0000000000119a6c      0x10c /opt/devkitpro/devkitARM/lib/gcc/arm-none-eabi/8.2.0/../../../../arm-none-eabi/lib/armv6k/fpu/libg.a(lib_a-strncmp.o)
                0x0000000000119a6c                strncmp
 .text.sulp     0x0000000000119b78       0x54 /opt/devkitpro/devkitARM/lib/gcc/arm-none-eabi/8.2.0/../../../../arm-none-eabi/lib/armv6k/fpu/libg.a(lib_a-strtod.o)
 *fill*         0x0000000000119bcc        0x4 
 .text._strtod_l
                0x0000000000119bd0     0x13c4 /opt/devkitpro/devkitARM/lib/gcc/arm-none-eabi/8.2.0/../../../../arm-none-eabi/lib/armv6k/fpu/libg.a(lib_a-strtod.o)
                0x0000000000119bd0                _strtod_l
 .text._strtod_r
                0x000000000011af94        0xc /opt/devkitpro/devkitARM/lib/gcc/arm-none-eabi/8.2.0/../../../../arm-none-eabi/lib/armv6k/fpu/libg.a(lib_a-strtod.o)
                0x000000000011af94                _strtod_r
 .text._strtoll_l.isra.0
                0x000000000011afa0      0x25c /opt/devkitpro/devkitARM/lib/gcc/arm-none-eabi/8.2.0/../../../../arm-none-eabi/lib/armv6k/fpu/libg.a(lib_a-strtoll.o)
 .text._strtoll_r
                0x000000000011b1fc        0x4 /opt/devkitpro/devkitARM/lib/gcc/arm-none-eabi/8.2.0/../../../../arm-none-eabi/lib/armv6k/fpu/libg.a(lib_a-strtoll.o)
                0x000000000011b1fc                _strtoll_r
 .text._strtol_l.isra.0
                0x000000000011b200      0x1bc /opt/devkitpro/devkitARM/lib/gcc/arm-none-eabi/8.2.0/../../../../arm-none-eabi/lib/armv6k/fpu/libg.a(lib_a-strtol.o)
 .text._strtol_r
                0x000000000011b3bc        0x4 /opt/devkitpro/devkitARM/lib/gcc/arm-none-eabi/8.2.0/../../../../arm-none-eabi/lib/armv6k/fpu/libg.a(lib_a-strtol.o)
                0x000000000011b3bc                _strtol_r
 .text._strtoull_l.isra.0
                0x000000000011b3c0      0x25c /opt/devkitpro/devkitARM/lib/gcc/arm-none-eabi/8.2.0/../../../../arm-none-eabi/lib/armv6k/fpu/libg.a(lib_a-strtoull.o)
 .text._strtoull_r
                0x000000000011b61c        0x4 /opt/devkitpro/devkitARM/lib/gcc/arm-none-eabi/8.2.0/../../../../arm-none-eabi/lib/armv6k/fpu/libg.a(lib_a-strtoull.o)
                0x000000000011b61c                _strtoull_r
 .text._strtoul_l.isra.0
                0x000000000011b620      0x1d0 /opt/devkitpro/devkitARM/lib/gcc/arm-none-eabi/8.2.0/../../../../arm-none-eabi/lib/armv6k/fpu/libg.a(lib_a-strtoul.o)
 .text._strtoul_r
                0x000000000011b7f0        0x4 /opt/devkitpro/devkitARM/lib/gcc/arm-none-eabi/8.2.0/../../../../arm-none-eabi/lib/armv6k/fpu/libg.a(lib_a-strtoul.o)
                0x000000000011b7f0                _strtoul_r
 .text.__ssprint_r
                0x000000000011b7f4      0x188 /opt/devkitpro/devkitARM/lib/gcc/arm-none-eabi/8.2.0/../../../../arm-none-eabi/lib/armv6k/fpu/libg.a(lib_a-svfiprintf.o)
                0x000000000011b7f4                __ssprint_r
 .text._sungetc_r
                0x000000000011b97c       0xe4 /opt/devkitpro/devkitARM/lib/gcc/arm-none-eabi/8.2.0/../../../../arm-none-eabi/lib/armv6k/fpu/libg.a(lib_a-svfiscanf.o)
                0x000000000011b97c                _sungetc_r
 .text.__ssrefill_r
                0x000000000011ba60       0x6c /opt/devkitpro/devkitARM/lib/gcc/arm-none-eabi/8.2.0/../../../../arm-none-eabi/lib/armv6k/fpu/libg.a(lib_a-svfiscanf.o)
                0x000000000011ba60                __ssrefill_r
 .text._sfread_r
                0x000000000011bacc       0xc8 /opt/devkitpro/devkitARM/lib/gcc/arm-none-eabi/8.2.0/../../../../arm-none-eabi/lib/armv6k/fpu/libg.a(lib_a-svfiscanf.o)
                0x000000000011bacc                _sfread_r
 .text.get_arg  0x000000000011bb94      0x620 /opt/devkitpro/devkitARM/lib/gcc/arm-none-eabi/8.2.0/../../../../arm-none-eabi/lib/armv6k/fpu/libg.a(lib_a-svfprintf.o)
 *fill*         0x000000000011c1b4        0x4 
 .text._svfprintf_r
                0x000000000011c1b8     0x3630 /opt/devkitpro/devkitARM/lib/gcc/arm-none-eabi/8.2.0/../../../../arm-none-eabi/lib/armv6k/fpu/libg.a(lib_a-svfprintf.o)
                0x000000000011c1b8                _svfprintf_r
 .text.__submore
                0x000000000011f7e8       0xa4 /opt/devkitpro/devkitARM/lib/gcc/arm-none-eabi/8.2.0/../../../../arm-none-eabi/lib/armv6k/fpu/libg.a(lib_a-ungetc.o)
                0x000000000011f7e8                __submore
 .text._wcsnrtombs_l
                0x000000000011f88c      0x184 /opt/devkitpro/devkitARM/lib/gcc/arm-none-eabi/8.2.0/../../../../arm-none-eabi/lib/armv6k/fpu/libg.a(lib_a-wcsnrtombs.o)
                0x000000000011f88c                _wcsnrtombs_l
 .text._wcsnrtombs_r
                0x000000000011fa10       0x4c /opt/devkitpro/devkitARM/lib/gcc/arm-none-eabi/8.2.0/../../../../arm-none-eabi/lib/armv6k/fpu/libg.a(lib_a-wcsnrtombs.o)
                0x000000000011fa10                _wcsnrtombs_r
 .text.__utf8_wctomb
                0x000000000011fa5c       0xe8 /opt/devkitpro/devkitARM/lib/gcc/arm-none-eabi/8.2.0/../../../../arm-none-eabi/lib/armv6k/fpu/libg.a(lib_a-wctomb_r.o)
                0x000000000011fa5c                __utf8_wctomb
 .text._fclose_r
                0x000000000011fb44      0x160 /opt/devkitpro/devkitARM/lib/gcc/arm-none-eabi/8.2.0/../../../../arm-none-eabi/lib/armv6k/fpu/libg.a(lib_a-fclose.o)
                0x000000000011fb44                _fclose_r
 .text.rshift   0x000000000011fca4       0xec /opt/devkitpro/devkitARM/lib/gcc/arm-none-eabi/8.2.0/../../../../arm-none-eabi/lib/armv6k/fpu/libg.a(lib_a-gdtoa-gethex.o)
 .text.__gethex
                0x000000000011fd90      0x828 /opt/devkitpro/devkitARM/lib/gcc/arm-none-eabi/8.2.0/../../../../arm-none-eabi/lib/armv6k/fpu/libg.a(lib_a-gdtoa-gethex.o)
                0x000000000011fd90                __gethex
 .text.__match  0x00000000001205b8       0x60 /opt/devkitpro/devkitARM/lib/gcc/arm-none-eabi/8.2.0/../../../../arm-none-eabi/lib/armv6k/fpu/libg.a(lib_a-gdtoa-hexnan.o)
                0x00000000001205b8                __match
 .text.__hexnan
                0x0000000000120618      0x254 /opt/devkitpro/devkitARM/lib/gcc/arm-none-eabi/8.2.0/../../../../arm-none-eabi/lib/armv6k/fpu/libg.a(lib_a-gdtoa-hexnan.o)
                0x0000000000120618                __hexnan
 .text.iswspace_l
                0x000000000012086c       0x3c /opt/devkitpro/devkitARM/lib/gcc/arm-none-eabi/8.2.0/../../../../arm-none-eabi/lib/armv6k/fpu/libg.a(lib_a-iswspace_l.o)
                0x000000000012086c                iswspace_l
 .text.__jp2uc  0x00000000001208a8      0x1e0 /opt/devkitpro/devkitARM/lib/gcc/arm-none-eabi/8.2.0/../../../../arm-none-eabi/lib/armv6k/fpu/libg.a(lib_a-jp2uc.o)
 .text._jp2uc_l
                0x0000000000120a88       0x94 /opt/devkitpro/devkitARM/lib/gcc/arm-none-eabi/8.2.0/../../../../arm-none-eabi/lib/armv6k/fpu/libg.a(lib_a-jp2uc.o)
                0x0000000000120a88                _jp2uc_l
 *fill*         0x0000000000120b1c        0x4 
 .text.nan      0x0000000000120b20       0x10 /opt/devkitpro/devkitARM/lib/gcc/arm-none-eabi/8.2.0/../../../../arm-none-eabi/lib/armv6k/fpu/libg.a(lib_a-s_nan.o)
                0x0000000000120b20                nan
 .text.category
                0x0000000000120b30       0x84 /opt/devkitpro/devkitARM/lib/gcc/arm-none-eabi/8.2.0/../../../../arm-none-eabi/lib/armv6k/fpu/libg.a(lib_a-categories.o)
                0x0000000000120b30                category
 .text.null_write
                0x0000000000120bb4        0x8 /opt/devkitpro/devkitARM/lib/gcc/arm-none-eabi/8.2.0/../../../../arm-none-eabi/lib/armv6k/fpu/libsysbase.a(iosupport.o)
 .text.setDefaultDevice
                0x0000000000120bbc       0x18 /opt/devkitpro/devkitARM/lib/gcc/arm-none-eabi/8.2.0/../../../../arm-none-eabi/lib/armv6k/fpu/libsysbase.a(iosupport.o)
                0x0000000000120bbc                setDefaultDevice
 .text.FindDevice
                0x0000000000120bd4       0xc8 /opt/devkitpro/devkitARM/lib/gcc/arm-none-eabi/8.2.0/../../../../arm-none-eabi/lib/armv6k/fpu/libsysbase.a(iosupport.o)
                0x0000000000120bd4                FindDevice
 .text.RemoveDevice
                0x0000000000120c9c       0x28 /opt/devkitpro/devkitARM/lib/gcc/arm-none-eabi/8.2.0/../../../../arm-none-eabi/lib/armv6k/fpu/libsysbase.a(iosupport.o)
                0x0000000000120c9c                RemoveDevice
 .text.AddDevice
                0x0000000000120cc4       0x9c /opt/devkitpro/devkitARM/lib/gcc/arm-none-eabi/8.2.0/../../../../arm-none-eabi/lib/armv6k/fpu/libsysbase.a(iosupport.o)
                0x0000000000120cc4                AddDevice
 .text._close_r
                0x0000000000120d60       0x84 /opt/devkitpro/devkitARM/lib/gcc/arm-none-eabi/8.2.0/../../../../arm-none-eabi/lib/armv6k/fpu/libsysbase.a(close.o)
                0x0000000000120d60                _close_r
 .text._fstat_r
                0x0000000000120de4       0x74 /opt/devkitpro/devkitARM/lib/gcc/arm-none-eabi/8.2.0/../../../../arm-none-eabi/lib/armv6k/fpu/libsysbase.a(fstat.o)
                0x0000000000120de4                _fstat_r
 .text._isatty_r
                0x0000000000120e58        0x8 /opt/devkitpro/devkitARM/lib/gcc/arm-none-eabi/8.2.0/../../../../arm-none-eabi/lib/armv6k/fpu/libsysbase.a(isatty.o)
                0x0000000000120e58                _isatty_r
 .text._lseek_r
                0x0000000000120e60       0x84 /opt/devkitpro/devkitARM/lib/gcc/arm-none-eabi/8.2.0/../../../../arm-none-eabi/lib/armv6k/fpu/libsysbase.a(lseek.o)
                0x0000000000120e60                _lseek_r
 .text._read_r  0x0000000000120ee4       0x80 /opt/devkitpro/devkitARM/lib/gcc/arm-none-eabi/8.2.0/../../../../arm-none-eabi/lib/armv6k/fpu/libsysbase.a(read.o)
                0x0000000000120ee4                _read_r
 .text._sbrk_r  0x0000000000120f64       0x70 /opt/devkitpro/devkitARM/lib/gcc/arm-none-eabi/8.2.0/../../../../arm-none-eabi/lib/armv6k/fpu/libsysbase.a(sbrk.o)
                0x0000000000120f64                _sbrk_r
 .text._write_r
                0x0000000000120fd4       0x80 /opt/devkitpro/devkitARM/lib/gcc/arm-none-eabi/8.2.0/../../../../arm-none-eabi/lib/armv6k/fpu/libsysbase.a(write.o)
                0x0000000000120fd4                _write_r
 .text._concatenate_path
                0x0000000000121054      0x1cc /opt/devkitpro/devkitARM/lib/gcc/arm-none-eabi/8.2.0/../../../../arm-none-eabi/lib/armv6k/fpu/libsysbase.a(chdir.o)
                0x0000000000121054                _concatenate_path
 .text.chdir    0x0000000000121220      0x15c /opt/devkitpro/devkitARM/lib/gcc/arm-none-eabi/8.2.0/../../../../arm-none-eabi/lib/armv6k/fpu/libsysbase.a(chdir.o)
                0x0000000000121220                chdir
 .text.__flockfile
                0x000000000012137c        0x8 /opt/devkitpro/devkitARM/lib/gcc/arm-none-eabi/8.2.0/../../../../arm-none-eabi/lib/armv6k/fpu/libsysbase.a(flock.o)
                0x000000000012137c                __flockfile
 .text.__funlockfile
                0x0000000000121384        0x8 /opt/devkitpro/devkitARM/lib/gcc/arm-none-eabi/8.2.0/../../../../arm-none-eabi/lib/armv6k/fpu/libsysbase.a(flock.o)
                0x0000000000121384                __funlockfile
 .text.__libc_lock_acquire
                0x000000000012138c       0x18 /opt/devkitpro/devkitARM/lib/gcc/arm-none-eabi/8.2.0/../../../../arm-none-eabi/lib/armv6k/fpu/libsysbase.a(syscall_support.o)
                0x000000000012138c                __libc_lock_acquire
 .text.__libc_lock_release
                0x00000000001213a4       0x18 /opt/devkitpro/devkitARM/lib/gcc/arm-none-eabi/8.2.0/../../../../arm-none-eabi/lib/armv6k/fpu/libsysbase.a(syscall_support.o)
                0x00000000001213a4                __libc_lock_release
 .text.__libc_lock_init_recursive
                0x00000000001213bc       0x18 /opt/devkitpro/devkitARM/lib/gcc/arm-none-eabi/8.2.0/../../../../arm-none-eabi/lib/armv6k/fpu/libsysbase.a(syscall_support.o)
                0x00000000001213bc                __libc_lock_init_recursive
 .text.__libc_lock_acquire_recursive
                0x00000000001213d4       0x18 /opt/devkitpro/devkitARM/lib/gcc/arm-none-eabi/8.2.0/../../../../arm-none-eabi/lib/armv6k/fpu/libsysbase.a(syscall_support.o)